Archive member included because of file (symbol)

/usr/bin/../lib/gcc/arm-none-eabi/4.9.3/../../../../arm-none-eabi/lib/armv7-m/libg_nano.a(lib_a-errno.o)
                              ./system/src/newlib/_sbrk.o (__errno)
/usr/bin/../lib/gcc/arm-none-eabi/4.9.3/../../../../arm-none-eabi/lib/armv7-m/libg_nano.a(lib_a-impure.o)
                              /usr/bin/../lib/gcc/arm-none-eabi/4.9.3/../../../../arm-none-eabi/lib/armv7-m/libg_nano.a(lib_a-errno.o) (_impure_ptr)
/usr/bin/../lib/gcc/arm-none-eabi/4.9.3/../../../../arm-none-eabi/lib/armv7-m/libg_nano.a(lib_a-strlen.o)
                              ./system/src/diag/Trace.o (strlen)
/usr/bin/../lib/gcc/arm-none-eabi/4.9.3/../../../../arm-none-eabi/lib/armv7-m/libg_nano.a(lib_a-vsnprintf.o)
                              ./system/src/diag/Trace.o (vsnprintf)
/usr/bin/../lib/gcc/arm-none-eabi/4.9.3/../../../../arm-none-eabi/lib/armv7-m/libg_nano.a(lib_a-nano-svfprintf.o)
                              /usr/bin/../lib/gcc/arm-none-eabi/4.9.3/../../../../arm-none-eabi/lib/armv7-m/libg_nano.a(lib_a-vsnprintf.o) (_svfprintf_r)
/usr/bin/../lib/gcc/arm-none-eabi/4.9.3/../../../../arm-none-eabi/lib/armv7-m/libg_nano.a(lib_a-nano-vfprintf_i.o)
                              /usr/bin/../lib/gcc/arm-none-eabi/4.9.3/../../../../arm-none-eabi/lib/armv7-m/libg_nano.a(lib_a-nano-svfprintf.o) (_printf_i)
/usr/bin/../lib/gcc/arm-none-eabi/4.9.3/../../../../arm-none-eabi/lib/armv7-m/libg_nano.a(lib_a-memchr.o)
                              /usr/bin/../lib/gcc/arm-none-eabi/4.9.3/../../../../arm-none-eabi/lib/armv7-m/libg_nano.a(lib_a-nano-svfprintf.o) (memchr)
/usr/bin/../lib/gcc/arm-none-eabi/4.9.3/../../../../arm-none-eabi/lib/armv7-m/libg_nano.a(lib_a-memcpy.o)
                              /usr/bin/../lib/gcc/arm-none-eabi/4.9.3/../../../../arm-none-eabi/lib/armv7-m/libg_nano.a(lib_a-nano-svfprintf.o) (memcpy)
/usr/bin/../lib/gcc/arm-none-eabi/4.9.3/../../../../arm-none-eabi/lib/armv7-m/libg_nano.a(lib_a-memmove.o)
                              /usr/bin/../lib/gcc/arm-none-eabi/4.9.3/../../../../arm-none-eabi/lib/armv7-m/libg_nano.a(lib_a-nano-svfprintf.o) (memmove)
/usr/bin/../lib/gcc/arm-none-eabi/4.9.3/../../../../arm-none-eabi/lib/armv7-m/libg_nano.a(lib_a-nano-freer.o)
                              /usr/bin/../lib/gcc/arm-none-eabi/4.9.3/../../../../arm-none-eabi/lib/armv7-m/libg_nano.a(lib_a-nano-svfprintf.o) (_free_r)
/usr/bin/../lib/gcc/arm-none-eabi/4.9.3/../../../../arm-none-eabi/lib/armv7-m/libg_nano.a(lib_a-nano-mallocr.o)
                              /usr/bin/../lib/gcc/arm-none-eabi/4.9.3/../../../../arm-none-eabi/lib/armv7-m/libg_nano.a(lib_a-nano-svfprintf.o) (_malloc_r)
/usr/bin/../lib/gcc/arm-none-eabi/4.9.3/../../../../arm-none-eabi/lib/armv7-m/libg_nano.a(lib_a-nano-reallocr.o)
                              /usr/bin/../lib/gcc/arm-none-eabi/4.9.3/../../../../arm-none-eabi/lib/armv7-m/libg_nano.a(lib_a-nano-svfprintf.o) (_realloc_r)
/usr/bin/../lib/gcc/arm-none-eabi/4.9.3/../../../../arm-none-eabi/lib/armv7-m/libg_nano.a(lib_a-sbrkr.o)
                              /usr/bin/../lib/gcc/arm-none-eabi/4.9.3/../../../../arm-none-eabi/lib/armv7-m/libg_nano.a(lib_a-nano-mallocr.o) (_sbrk_r)
/usr/bin/../lib/gcc/arm-none-eabi/4.9.3/../../../../arm-none-eabi/lib/armv7-m/libg_nano.a(lib_a-nano-msizer.o)
                              /usr/bin/../lib/gcc/arm-none-eabi/4.9.3/../../../../arm-none-eabi/lib/armv7-m/libg_nano.a(lib_a-nano-reallocr.o) (_malloc_usable_size_r)

Allocating common symbols
Common symbol       size              file

errno               0x4               ./system/src/newlib/_syscalls.o

Discarded input sections

 .group         0x0000000000000000        0x8 ./system/src/stm32f1-stdperiph/misc.o
 .group         0x0000000000000000        0x8 ./system/src/stm32f1-stdperiph/misc.o
 .group         0x0000000000000000        0x8 ./system/src/stm32f1-stdperiph/misc.o
 .group         0x0000000000000000        0x8 ./system/src/stm32f1-stdperiph/misc.o
 .group         0x0000000000000000        0x8 ./system/src/stm32f1-stdperiph/misc.o
 .group         0x0000000000000000        0x8 ./system/src/stm32f1-stdperiph/misc.o
 .group         0x0000000000000000        0x8 ./system/src/stm32f1-stdperiph/misc.o
 .group         0x0000000000000000        0x8 ./system/src/stm32f1-stdperiph/misc.o
 .group         0x0000000000000000        0x8 ./system/src/stm32f1-stdperiph/misc.o
 .group         0x0000000000000000        0x8 ./system/src/stm32f1-stdperiph/misc.o
 .group         0x0000000000000000        0x8 ./system/src/stm32f1-stdperiph/misc.o
 .group         0x0000000000000000        0x8 ./system/src/stm32f1-stdperiph/misc.o
 .group         0x0000000000000000        0x8 ./system/src/stm32f1-stdperiph/misc.o
 .group         0x0000000000000000        0x8 ./system/src/stm32f1-stdperiph/misc.o
 .group         0x0000000000000000        0x8 ./system/src/stm32f1-stdperiph/misc.o
 .group         0x0000000000000000        0x8 ./system/src/stm32f1-stdperiph/misc.o
[...]
Memory Configuration

Name             Origin             Length             Attributes
RAM              0x0000000020000000 0x0000000000005000 xrw
CCMRAM           0x0000000000000000 0x0000000000000000 xrw
FLASH            0x0000000008000000 0x0000000000020000 xr
FLASHB1          0x0000000000000000 0x0000000000000000 xr
EXTMEMB0         0x0000000000000000 0x0000000000000000 xr
EXTMEMB1         0x0000000000000000 0x0000000000000000 xr
EXTMEMB2         0x0000000000000000 0x0000000000000000 xr
EXTMEMB3         0x0000000000000000 0x0000000000000000 xr
MEMORY_ARRAY     0x0000000000000000 0x0000000000000000 xrw
*default*        0x0000000000000000 0xffffffffffffffff

Linker script and memory map

LOAD ./system/src/stm32f1-stdperiph/misc.o
LOAD ./system/src/stm32f1-stdperiph/stm32f10x_adc.o
LOAD ./system/src/stm32f1-stdperiph/stm32f10x_bkp.o
LOAD ./system/src/stm32f1-stdperiph/stm32f10x_can.o
LOAD ./system/src/stm32f1-stdperiph/stm32f10x_cec.o
LOAD ./system/src/stm32f1-stdperiph/stm32f10x_crc.o
LOAD ./system/src/stm32f1-stdperiph/stm32f10x_dac.o
LOAD ./system/src/stm32f1-stdperiph/stm32f10x_dbgmcu.o
LOAD ./system/src/stm32f1-stdperiph/stm32f10x_dma.o
LOAD ./system/src/stm32f1-stdperiph/stm32f10x_exti.o
LOAD ./system/src/stm32f1-stdperiph/stm32f10x_flash.o
LOAD ./system/src/stm32f1-stdperiph/stm32f10x_fsmc.o
LOAD ./system/src/stm32f1-stdperiph/stm32f10x_gpio.o
LOAD ./system/src/stm32f1-stdperiph/stm32f10x_i2c.o
LOAD ./system/src/stm32f1-stdperiph/stm32f10x_iwdg.o
LOAD ./system/src/stm32f1-stdperiph/stm32f10x_pwr.o
LOAD ./system/src/stm32f1-stdperiph/stm32f10x_rcc.o
LOAD ./system/src/stm32f1-stdperiph/stm32f10x_rtc.o
LOAD ./system/src/stm32f1-stdperiph/stm32f10x_sdio.o
LOAD ./system/src/stm32f1-stdperiph/stm32f10x_spi.o
LOAD ./system/src/stm32f1-stdperiph/stm32f10x_tim.o
LOAD ./system/src/stm32f1-stdperiph/stm32f10x_usart.o
LOAD ./system/src/stm32f1-stdperiph/stm32f10x_wwdg.o
LOAD ./system/src/newlib/_cxx.o
LOAD ./system/src/newlib/_exit.o
LOAD ./system/src/newlib/_sbrk.o
LOAD ./system/src/newlib/_startup.o
LOAD ./system/src/newlib/_syscalls.o
LOAD ./system/src/newlib/assert.o
LOAD ./system/src/diag/Trace.o
LOAD ./system/src/diag/trace_impl.o
LOAD ./system/src/cortexm/_initialize_hardware.o
LOAD ./system/src/cortexm/_reset_hardware.o
LOAD ./system/src/cortexm/exception_handlers.o
LOAD ./system/src/cmsis/system_stm32f10x.o
LOAD ./system/src/cmsis/vectors_stm32f10x.o
LOAD ./src/Timer.o
LOAD ./src/_write.o
LOAD ./src/drv_adc.o
LOAD ./src/main.o
LOAD ./src/usart.o
LOAD /usr/bin/../lib/gcc/arm-none-eabi/4.9.3/../../../../arm-none-eabi/lib/armv7-m/libstdc++_nano.a
LOAD /usr/bin/../lib/gcc/arm-none-eabi/4.9.3/../../../../arm-none-eabi/lib/armv7-m/libm.a
START GROUP
LOAD /usr/bin/../lib/gcc/arm-none-eabi/4.9.3/armv7-m/libgcc.a
LOAD /usr/bin/../lib/gcc/arm-none-eabi/4.9.3/../../../../arm-none-eabi/lib/armv7-m/libg_nano.a
LOAD /usr/bin/../lib/gcc/arm-none-eabi/4.9.3/../../../../arm-none-eabi/lib/armv7-m/libc_nano.a
END GROUP
START GROUP
LOAD /usr/bin/../lib/gcc/arm-none-eabi/4.9.3/armv7-m/libgcc.a
LOAD /usr/bin/../lib/gcc/arm-none-eabi/4.9.3/../../../../arm-none-eabi/lib/armv7-m/libc_nano.a
END GROUP
                0x0000000020005000                __stack = (ORIGIN (RAM) + 0x5000)
                0x0000000020005000                _estack = __stack
                0x0000000000000400                __Main_Stack_Size = 0x400
                0x0000000000000400                PROVIDE (_Main_Stack_Size, __Main_Stack_Size)
                0x0000000020004c00                __Main_Stack_Limit = (__stack - __Main_Stack_Size)
                0x0000000020004c00                PROVIDE (_Main_Stack_Limit, __Main_Stack_Limit)
                0x0000000000000100                _Minimum_Stack_Size = 0x100
                0x0000000020000140                PROVIDE (_Heap_Begin, _end_noinit)
                0x0000000020004c00                PROVIDE (_Heap_Limit, (__stack - __Main_Stack_Size))

.isr_vector     0x0000000008000000      0x354
                0x0000000008000000                . = ALIGN (0x4)
 *(.isr_vector)
 .isr_vector    0x0000000008000000      0x10c ./system/src/cmsis/vectors_stm32f10x.o
                0x0000000008000000                __isr_vectors
 *(.cfmconfig)
 *(.after_vectors .after_vectors.*)
 .after_vectors
                0x000000000800010c      0x114 ./system/src/newlib/_startup.o
                0x000000000800010c                _start
 .after_vectors
                0x0000000008000220      0x130 ./system/src/cortexm/exception_handlers.o
                0x0000000008000220                Reset_Handler
                0x0000000008000228                NMI_Handler
                0x000000000800022c                HardFault_Handler
                0x0000000008000240                HardFault_Handler_C
                0x00000000080002a0                MemManage_Handler
                0x00000000080002a4                BusFault_Handler
                0x00000000080002b8                BusFault_Handler_C
                0x00000000080002ec                UsageFault_Handler
                0x0000000008000300                UsageFault_Handler_C
                0x0000000008000334                SVC_Handler
                0x0000000008000338                DebugMon_Handler
                0x000000000800033c                PendSV_Handler
 .after_vectors
                0x0000000008000350        0x4 ./system/src/cmsis/vectors_stm32f10x.o
                0x0000000008000350                EXTI2_IRQHandler
                0x0000000008000350                TIM8_TRG_COM_IRQHandler
                0x0000000008000350                TIM8_CC_IRQHandler
                0x0000000008000350                TIM1_CC_IRQHandler
                0x0000000008000350                TIM6_IRQHandler
                0x0000000008000350                PVD_IRQHandler
                0x0000000008000350                SDIO_IRQHandler
                0x0000000008000350                CAN2_RX1_IRQHandler
                0x0000000008000350                EXTI3_IRQHandler
                0x0000000008000350                TIM8_TRG_COM_TIM14_IRQHandler
                0x0000000008000350                TIM1_UP_TIM10_IRQHandler
                0x0000000008000350                TIM8_UP_TIM13_IRQHandler
                0x0000000008000350                EXTI0_IRQHandler
                0x0000000008000350                I2C2_EV_IRQHandler
                0x0000000008000350                CAN1_RX0_IRQHandler
                0x0000000008000350                TIM1_UP_TIM16_IRQHandler
                0x0000000008000350                CAN2_SCE_IRQHandler
                0x0000000008000350                ADC1_2_IRQHandler
                0x0000000008000350                SPI1_IRQHandler
                0x0000000008000350                TAMPER_IRQHandler
                0x0000000008000350                TIM6_DAC_IRQHandler
                0x0000000008000350                TIM1_BRK_TIM9_IRQHandler
                0x0000000008000350                CAN2_RX0_IRQHandler
                0x0000000008000350                TIM8_UP_IRQHandler
                0x0000000008000350                DMA2_Channel2_IRQHandler
                0x0000000008000350                DMA1_Channel4_IRQHandler
                0x0000000008000350                USART3_IRQHandler
                0x0000000008000350                RTC_IRQHandler
                0x0000000008000350                DMA1_Channel7_IRQHandler
                0x0000000008000350                CAN1_RX1_IRQHandler
                0x0000000008000350                UART5_IRQHandler
                0x0000000008000350                ADC3_IRQHandler
                0x0000000008000350                TIM4_IRQHandler
                0x0000000008000350                DMA2_Channel1_IRQHandler
                0x0000000008000350                I2C1_EV_IRQHandler
                0x0000000008000350                DMA1_Channel6_IRQHandler
                0x0000000008000350                UART4_IRQHandler
                0x0000000008000350                DMA2_Channel4_IRQHandler
                0x0000000008000350                TIM3_IRQHandler
                0x0000000008000350                RCC_IRQHandler
                0x0000000008000350                TIM8_BRK_TIM12_IRQHandler
                0x0000000008000350                TIM1_TRG_COM_IRQHandler
                0x0000000008000350                DMA1_Channel1_IRQHandler
                0x0000000008000350                Default_Handler
                0x0000000008000350                CEC_IRQHandler
                0x0000000008000350                EXTI15_10_IRQHandler
                0x0000000008000350                TIM14_IRQHandler
                0x0000000008000350                TIM13_IRQHandler
                0x0000000008000350                TIM12_IRQHandler
                0x0000000008000350                TIM7_IRQHandler
                0x0000000008000350                CAN2_TX_IRQHandler
                0x0000000008000350                TIM5_IRQHandler
                0x0000000008000350                EXTI9_5_IRQHandler
                0x0000000008000350                ETH_WKUP_IRQHandler
                0x0000000008000350                SPI2_IRQHandler
                0x0000000008000350                CAN1_TX_IRQHandler
                0x0000000008000350                DMA2_Channel5_IRQHandler
                0x0000000008000350                DMA1_Channel5_IRQHandler
                0x0000000008000350                EXTI4_IRQHandler
                0x0000000008000350                USB_LP_CAN1_RX0_IRQHandler
                0x0000000008000350                TIM1_TRG_COM_TIM17_IRQHandler
                0x0000000008000350                USB_HP_CAN1_TX_IRQHandler
                0x0000000008000350                DMA1_Channel3_IRQHandler
                0x0000000008000350                FSMC_IRQHandler
                0x0000000008000350                ETH_IRQHandler
                0x0000000008000350                TIM1_UP_IRQHandler
                0x0000000008000350                WWDG_IRQHandler
                0x0000000008000350                TIM2_IRQHandler
                0x0000000008000350                OTG_FS_WKUP_IRQHandler
                0x0000000008000350                TIM1_TRG_COM_TIM11_IRQHandler
                0x0000000008000350                TIM1_BRK_IRQHandler
                0x0000000008000350                EXTI1_IRQHandler
                0x0000000008000350                RTCAlarm_IRQHandler
                0x0000000008000350                DMA2_Channel4_5_IRQHandler
                0x0000000008000350                USART2_IRQHandler
                0x0000000008000350                I2C2_ER_IRQHandler
                0x0000000008000350                DMA1_Channel2_IRQHandler
                0x0000000008000350                TIM8_BRK_IRQHandler
                0x0000000008000350                CAN1_SCE_IRQHandler
                0x0000000008000350                FLASH_IRQHandler
                0x0000000008000350                USART1_IRQHandler
                0x0000000008000350                OTG_FS_IRQHandler
                0x0000000008000350                SPI3_IRQHandler
                0x0000000008000350                I2C1_ER_IRQHandler
                0x0000000008000350                USBWakeUp_IRQHandler
                0x0000000008000350                DMA2_Channel3_IRQHandler
                0x0000000008000350                TIM1_BRK_TIM15_IRQHandler
                0x0000000008000354                . = ALIGN (0x4)

.inits          0x0000000008000354        0x0
                0x0000000008000354                . = ALIGN (0x4)
 *(.init)
 *(.fini)
                0x0000000008000354                . = ALIGN (0x4)
                0x0000000008000354                PROVIDE (__preinit_array_start, .)
 *(.preinit_array_sysinit .preinit_array_sysinit.*)
 *(.preinit_array_platform .preinit_array_platform.*)
 *(.preinit_array .preinit_array.*)
                0x0000000008000354                PROVIDE (__preinit_array_end, .)
                0x0000000008000354                . = ALIGN (0x4)
                0x0000000008000354                PROVIDE (__init_array_start, .)
 *(SORT(.init_array.*))
 *(.init_array)
                0x0000000008000354                PROVIDE (__init_array_end, .)
                0x0000000008000354                . = ALIGN (0x4)
                0x0000000008000354                PROVIDE (__fini_array_start, .)
 *(SORT(.fini_array.*))
 *(.fini_array)
                0x0000000008000354                PROVIDE (__fini_array_end, .)
                0x0000000008000354                . = ALIGN (0x4)

.flashtext      0x0000000008000354        0x0
                0x0000000008000354                . = ALIGN (0x4)
 *(.flashtext .flashtext.*)
                0x0000000008000354                . = ALIGN (0x4)

.text           0x0000000008000354     0x1a75
                0x0000000008000354                . = ALIGN (0x4)
 *(.text .text.*)
 .text.GPIO_Init
                0x0000000008000354      0x12c ./system/src/stm32f1-stdperiph/stm32f10x_gpio.o
                0x0000000008000354                GPIO_Init
 .text.GPIO_PinRemapConfig
                0x0000000008000480      0x1d0 ./system/src/stm32f1-stdperiph/stm32f10x_gpio.o
                0x0000000008000480                GPIO_PinRemapConfig
 .text.RCC_GetClocksFreq
                0x0000000008000650       0xbc ./system/src/stm32f1-stdperiph/stm32f10x_rcc.o
                0x0000000008000650                RCC_GetClocksFreq
 .text.RCC_AHBPeriphClockCmd
                0x000000000800070c       0x4c ./system/src/stm32f1-stdperiph/stm32f10x_rcc.o
                0x000000000800070c                RCC_AHBPeriphClockCmd
 .text.RCC_APB2PeriphClockCmd
                0x0000000008000758       0x4c ./system/src/stm32f1-stdperiph/stm32f10x_rcc.o
                0x0000000008000758                RCC_APB2PeriphClockCmd
 .text.RCC_APB1PeriphClockCmd
                0x00000000080007a4       0x4c ./system/src/stm32f1-stdperiph/stm32f10x_rcc.o
                0x00000000080007a4                RCC_APB1PeriphClockCmd
 .text.RCC_ClearFlag
                0x00000000080007f0       0x10 ./system/src/stm32f1-stdperiph/stm32f10x_rcc.o
                0x00000000080007f0                RCC_ClearFlag
 .text.USART_Init
                0x0000000008000800      0x1b0 ./system/src/stm32f1-stdperiph/stm32f10x_usart.o
                0x0000000008000800                USART_Init
 .text.USART_ClockInit
                0x00000000080009b0       0x9c ./system/src/stm32f1-stdperiph/stm32f10x_usart.o
                0x00000000080009b0                USART_ClockInit
 .text.USART_ClockStructInit
                0x0000000008000a4c        0xc ./system/src/stm32f1-stdperiph/stm32f10x_usart.o
                0x0000000008000a4c                USART_ClockStructInit
 .text.USART_Cmd
                0x0000000008000a58       0x68 ./system/src/stm32f1-stdperiph/stm32f10x_usart.o
                0x0000000008000a58                USART_Cmd
 .text.USART_SendData
                0x0000000008000ac0       0x58 ./system/src/stm32f1-stdperiph/stm32f10x_usart.o
                0x0000000008000ac0                USART_SendData
 .text.USART_GetFlagStatus
                0x0000000008000b18       0xa8 ./system/src/stm32f1-stdperiph/stm32f10x_usart.o
                0x0000000008000b18                USART_GetFlagStatus
 .text._exit    0x0000000008000bc0        0x4 ./system/src/newlib/_exit.o
                0x0000000008000bc0                _exit
 .text.abort    0x0000000008000bc4       0x14 ./system/src/newlib/_exit.o
                0x0000000008000bc4                abort
 .text._sbrk    0x0000000008000bd8       0x44 ./system/src/newlib/_sbrk.o
                0x0000000008000bd8                _sbrk
 .text.__initialize_args
                0x0000000008000c1c       0x10 ./system/src/newlib/_syscalls.o
                0x0000000008000c1c                __initialize_args
 .text.assert_failed
                0x0000000008000c2c       0x18 ./system/src/newlib/assert.o
                0x0000000008000c2c                assert_failed
 .text.trace_printf
                0x0000000008000c44       0x34 ./system/src/diag/Trace.o
                0x0000000008000c44                trace_printf
 .text.trace_puts
                0x0000000008000c78       0x20 ./system/src/diag/Trace.o
                0x0000000008000c78                trace_puts
 .text._trace_write_semihosting_debug
                0x0000000008000c98       0x64 ./system/src/diag/trace_impl.o
 .text.trace_write
                0x0000000008000cfc        0x8 ./system/src/diag/trace_impl.o
                0x0000000008000cfc                trace_write
 .text.__initialize_hardware_early
                0x0000000008000d04        0x8 ./system/src/cortexm/_initialize_hardware.o
                0x0000000008000d04                __initialize_hardware_early
 .text.__initialize_hardware
                0x0000000008000d0c        0x8 ./system/src/cortexm/_initialize_hardware.o
                0x0000000008000d0c                __initialize_hardware
 .text.dumpExceptionStack
                0x0000000008000d14       0xf0 ./system/src/cortexm/exception_handlers.o
                0x0000000008000d14                dumpExceptionStack
 .text.isSemihosting
                0x0000000008000e04       0x20 ./system/src/cortexm/exception_handlers.o
                0x0000000008000e04                isSemihosting
 .text.SetSysClockTo72
                0x0000000008000e24       0xc4 ./system/src/cmsis/system_stm32f10x.o
 .text.SetSysClock
                0x0000000008000ee8        0x8 ./system/src/cmsis/system_stm32f10x.o
 .text.SystemInit
                0x0000000008000ef0       0x50 ./system/src/cmsis/system_stm32f10x.o
                0x0000000008000ef0                SystemInit
 .text.SystemCoreClockUpdate
                0x0000000008000f40       0x94 ./system/src/cmsis/system_stm32f10x.o
                0x0000000008000f40                SystemCoreClockUpdate
 .text._ZN5Timer5sleepEm
                0x0000000008000fd4       0x14 ./src/Timer.o
                0x0000000008000fd4                Timer::sleep(unsigned long)
 .text.SysTick_Handler
                0x0000000008000fe8       0x14 ./src/Timer.o
                0x0000000008000fe8                SysTick_Handler
 .text._ZL16cycleCounterInitv
                0x0000000008000ffc       0x28 ./src/main.o
 .text._Z10systemInitv
                0x0000000008001024       0xe4 ./src/main.o
                0x0000000008001024                systemInit()
 .text.main     0x0000000008001108       0xa4 ./src/main.o
                0x0000000008001108                main
 .text._ZN6Serial4initEii
                0x00000000080011ac       0x8c ./src/usart.o
                0x00000000080011ac                Serial::init(int, int)
 .text._ZN6Serial9Usart1PutEh
                0x0000000008001238       0x1c ./src/usart.o
                0x0000000008001238                Serial::Usart1Put(unsigned char)
 .text.__errno  0x0000000008001254        0xc /usr/bin/../lib/gcc/arm-none-eabi/4.9.3/../../../../arm-none-eabi/lib/armv7-m/libg_nano.a(lib_a-errno.o)
                0x0000000008001254                __errno
 .text.strlen   0x0000000008001260       0x10 /usr/bin/../lib/gcc/arm-none-eabi/4.9.3/../../../../arm-none-eabi/lib/armv7-m/libg_nano.a(lib_a-strlen.o)
                0x0000000008001260                strlen
 .text._vsnprintf_r
                0x0000000008001270       0x52 /usr/bin/../lib/gcc/arm-none-eabi/4.9.3/../../../../arm-none-eabi/lib/armv7-m/libg_nano.a(lib_a-vsnprintf.o)
                0x0000000008001270                _vsnprintf_r
                0x0000000008001270                _vsniprintf_r
 *fill*         0x00000000080012c2        0x2 
 .text.vsnprintf
                0x00000000080012c4       0x20 /usr/bin/../lib/gcc/arm-none-eabi/4.9.3/../../../../arm-none-eabi/lib/armv7-m/libg_nano.a(lib_a-vsnprintf.o)
                0x00000000080012c4                vsnprintf
                0x00000000080012c4                vsniprintf
 .text.__ssputs_r
                0x00000000080012e4       0xb2 /usr/bin/../lib/gcc/arm-none-eabi/4.9.3/../../../../arm-none-eabi/lib/armv7-m/libg_nano.a(lib_a-nano-svfprintf.o)
                0x00000000080012e4                __ssputs_r
 *fill*         0x0000000008001396        0x2 
 .text._svfprintf_r
                0x0000000008001398      0x1e4 /usr/bin/../lib/gcc/arm-none-eabi/4.9.3/../../../../arm-none-eabi/lib/armv7-m/libg_nano.a(lib_a-nano-svfprintf.o)
                0x0000000008001398                _svfprintf_r
                0x0000000008001398                _svfiprintf_r
 .text._printf_common
                0x000000000800157c       0xea /usr/bin/../lib/gcc/arm-none-eabi/4.9.3/../../../../arm-none-eabi/lib/armv7-m/libg_nano.a(lib_a-nano-vfprintf_i.o)
                0x000000000800157c                _printf_common
 *fill*         0x0000000008001666        0x2 
 .text._printf_i
                0x0000000008001668      0x240 /usr/bin/../lib/gcc/arm-none-eabi/4.9.3/../../../../arm-none-eabi/lib/armv7-m/libg_nano.a(lib_a-nano-vfprintf_i.o)
                0x0000000008001668                _printf_i
 .text.memchr   0x00000000080018a8       0x1c /usr/bin/../lib/gcc/arm-none-eabi/4.9.3/../../../../arm-none-eabi/lib/armv7-m/libg_nano.a(lib_a-memchr.o)
                0x00000000080018a8                memchr
 .text.memcpy   0x00000000080018c4       0x16 /usr/bin/../lib/gcc/arm-none-eabi/4.9.3/../../../../arm-none-eabi/lib/armv7-m/libg_nano.a(lib_a-memcpy.o)
                0x00000000080018c4                memcpy
 .text.memmove  0x00000000080018da       0x36 /usr/bin/../lib/gcc/arm-none-eabi/4.9.3/../../../../arm-none-eabi/lib/armv7-m/libg_nano.a(lib_a-memmove.o)
                0x00000000080018da                memmove
 .text._free_r  0x0000000008001910       0x88 /usr/bin/../lib/gcc/arm-none-eabi/4.9.3/../../../../arm-none-eabi/lib/armv7-m/libg_nano.a(lib_a-nano-freer.o)
                0x0000000008001910                _free_r
 .text._malloc_r
                0x0000000008001998       0xac /usr/bin/../lib/gcc/arm-none-eabi/4.9.3/../../../../arm-none-eabi/lib/armv7-m/libg_nano.a(lib_a-nano-mallocr.o)
                0x0000000008001998                _malloc_r
 .text._realloc_r
                0x0000000008001a44       0x4c /usr/bin/../lib/gcc/arm-none-eabi/4.9.3/../../../../arm-none-eabi/lib/armv7-m/libg_nano.a(lib_a-nano-reallocr.o)
                0x0000000008001a44                _realloc_r
 .text._sbrk_r  0x0000000008001a90       0x20 /usr/bin/../lib/gcc/arm-none-eabi/4.9.3/../../../../arm-none-eabi/lib/armv7-m/libg_nano.a(lib_a-sbrkr.o)
                0x0000000008001a90                _sbrk_r
 .text._malloc_usable_size_r
                0x0000000008001ab0       0x14 /usr/bin/../lib/gcc/arm-none-eabi/4.9.3/../../../../arm-none-eabi/lib/armv7-m/libg_nano.a(lib_a-nano-msizer.o)
                0x0000000008001ab0                _malloc_usable_size_r
 *(.rodata .rodata.*)
 .rodata.str1.4
                0x0000000008001ac4       0x31 ./system/src/stm32f1-stdperiph/stm32f10x_gpio.o
                                         0x34 (size before relaxing)
 *fill*         0x0000000008001af5        0x3 
 .rodata.str1.4
                0x0000000008001af8       0x30 ./system/src/stm32f1-stdperiph/stm32f10x_rcc.o
 .rodata.str1.4
                0x0000000008001b28       0x32 ./system/src/stm32f1-stdperiph/stm32f10x_usart.o
                                         0x34 (size before relaxing)
 *fill*         0x0000000008001b5a        0x2 
 .rodata.str1.4
                0x0000000008001b5c       0x14 ./system/src/newlib/_exit.o
 .rodata.str1.4
                0x0000000008001b70       0x6b ./system/src/newlib/assert.o
                                         0x70 (size before relaxing)
 *fill*         0x0000000008001bdb        0x1 
 .rodata.str1.4
                0x0000000008001bdc       0x29 ./system/src/diag/Trace.o
                                         0x30 (size before relaxing)
 *fill*         0x0000000008001c05        0x3 
 .rodata.str1.4
                0x0000000008001c08      0x146 ./system/src/cortexm/exception_handlers.o
                                        0x148 (size before relaxing)
 *fill*         0x0000000008001d4e        0x2 
 .rodata        0x0000000008001d50       0x10 ./src/main.o
 .rodata.str1.4
                0x0000000008001d60       0x34 ./src/main.o
 .rodata.str1.1
                0x0000000008001d94        0x2 /usr/bin/../lib/gcc/arm-none-eabi/4.9.3/../../../../arm-none-eabi/lib/armv7-m/libg_nano.a(lib_a-impure.o)
 .rodata.str1.1
                0x0000000008001d96       0x11 /usr/bin/../lib/gcc/arm-none-eabi/4.9.3/../../../../arm-none-eabi/lib/armv7-m/libg_nano.a(lib_a-nano-svfprintf.o)
 .rodata.str1.1
                0x0000000008001da7       0x22 /usr/bin/../lib/gcc/arm-none-eabi/4.9.3/../../../../arm-none-eabi/lib/armv7-m/libg_nano.a(lib_a-nano-vfprintf_i.o)
 *(vtable)
 *(.eh_frame*)
 *(.glue_7)
 .glue_7        0x0000000000000000        0x0 linker stubs
 *(.glue_7t)
 .glue_7t       0x0000000000000000        0x0 linker stubs

.vfp11_veneer   0x0000000008001dcc        0x0
 .vfp11_veneer  0x0000000000000000        0x0 linker stubs

.v4_bx          0x0000000008001dcc        0x0
 .v4_bx         0x0000000000000000        0x0 linker stubs

.iplt           0x0000000008001dcc        0x0
 .iplt          0x0000000000000000        0x0 ./system/src/stm32f1-stdperiph/misc.o

.rel.dyn        0x0000000008001dcc        0x0
 .rel.iplt      0x0000000000000000        0x0 ./system/src/stm32f1-stdperiph/misc.o

.ARM.extab
 *(.ARM.extab* .gnu.linkonce.armextab.*)
                0x0000000008001dcc                __exidx_start = .

.ARM.exidx
 *(.ARM.exidx* .gnu.linkonce.armexidx.*)
                0x0000000008001dcc                __exidx_end = .
                0x0000000008001dcc                . = ALIGN (0x4)
                0x0000000008001dcc                _etext = .
                0x0000000008001dcc                __etext = .
                0x0000000008001dcc                _sidata = _etext

.data           0x0000000020000000       0x9c load address 0x0000000008001dcc
                0x0000000020000000                . = ALIGN (0x4)
                0x0000000020000000                _sdata = .
                0x0000000020000000                __data_start__ = .
 *(.data_begin .data_begin.*)
 .data_begin    0x0000000020000000        0x4 ./system/src/newlib/_startup.o
 *(.data .data.*)
 .data.ADCPrescTable
                0x0000000020000004        0x4 ./system/src/stm32f1-stdperiph/stm32f10x_rcc.o
 .data.APBAHBPrescTable
                0x0000000020000008       0x10 ./system/src/stm32f1-stdperiph/stm32f10x_rcc.o
 .data.argv.4062
                0x0000000020000018        0x8 ./system/src/newlib/_syscalls.o
 .data.AHBPrescTable
                0x0000000020000020       0x10 ./system/src/cmsis/system_stm32f10x.o
                0x0000000020000020                AHBPrescTable
 .data.SystemCoreClock
                0x0000000020000030        0x4 ./system/src/cmsis/system_stm32f10x.o
                0x0000000020000030                SystemCoreClock
 .data.impure_data
                0x0000000020000034       0x60 /usr/bin/../lib/gcc/arm-none-eabi/4.9.3/../../../../arm-none-eabi/lib/armv7-m/libg_nano.a(lib_a-impure.o)
 .data._impure_ptr
                0x0000000020000094        0x4 /usr/bin/../lib/gcc/arm-none-eabi/4.9.3/../../../../arm-none-eabi/lib/armv7-m/libg_nano.a(lib_a-impure.o)
                0x0000000020000094                _impure_ptr
 *(.data_end .data_end.*)
 .data_end      0x0000000020000098        0x4 ./system/src/newlib/_startup.o
                0x000000002000009c                . = ALIGN (0x4)
                0x000000002000009c                _edata = .
                0x000000002000009c                __data_end__ = .

.igot.plt       0x000000002000009c        0x0 load address 0x0000000008001e68
 .igot.plt      0x0000000000000000        0x0 ./system/src/stm32f1-stdperiph/misc.o

.bss            0x000000002000009c       0xa4 load address 0x0000000008001e68
                0x000000002000009c                . = ALIGN (0x4)
                0x000000002000009c                __bss_start__ = .
                0x000000002000009c                _sbss = .
 *(.bss_begin .bss_begin.*)
 .bss_begin     0x000000002000009c        0x4 ./system/src/newlib/_startup.o
 *(.bss .bss.*)
 .bss.current_heap_end.3856
                0x00000000200000a0        0x4 ./system/src/newlib/_sbrk.o
 .bss.name.4061
                0x00000000200000a4        0x4 ./system/src/newlib/_syscalls.o
 .bss.buf.4992  0x00000000200000a8       0x80 ./system/src/diag/Trace.o
 .bss._ZN5Timer13ms_delayCountE
                0x0000000020000128        0x4 ./src/Timer.o
                0x0000000020000128                Timer::ms_delayCount
 .bss._ZL7usTicks
                0x000000002000012c        0x4 ./src/main.o
 .bss.__malloc_sbrk_start
                0x0000000020000130        0x4 /usr/bin/../lib/gcc/arm-none-eabi/4.9.3/../../../../arm-none-eabi/lib/armv7-m/libg_nano.a(lib_a-nano-mallocr.o)
                0x0000000020000130                __malloc_sbrk_start
 .bss.__malloc_free_list
                0x0000000020000134        0x4 /usr/bin/../lib/gcc/arm-none-eabi/4.9.3/../../../../arm-none-eabi/lib/armv7-m/libg_nano.a(lib_a-nano-mallocr.o)
                0x0000000020000134                __malloc_free_list
 *(COMMON)
 COMMON         0x0000000020000138        0x4 ./system/src/newlib/_syscalls.o
                0x0000000020000138                errno
 *(.bss_end .bss_end.*)
 .bss_end       0x000000002000013c        0x4 ./system/src/newlib/_startup.o
                0x0000000020000140                . = ALIGN (0x4)
                0x0000000020000140                __bss_end__ = .
                0x0000000020000140                _ebss = .

.noinit         0x0000000020000140        0x0
                0x0000000020000140                . = ALIGN (0x4)
                0x0000000020000140                _noinit = .
 *(.noinit .noinit.*)
                0x0000000020000140                . = ALIGN (0x4)
                0x0000000020000140                _end_noinit = .
                0x0000000020000140                PROVIDE (end, _end_noinit)
                0x0000000020000140                PROVIDE (_end, _end_noinit)
                0x0000000020000140                PROVIDE (__end, _end_noinit)
                0x0000000020000140                PROVIDE (__end__, _end_noinit)

._check_stack   0x0000000020000140      0x100 load address 0x0000000008001f0c
                0x0000000020000140                . = ALIGN (0x4)
                0x0000000020000240                . = (. + _Minimum_Stack_Size)
 *fill*         0x0000000020000140      0x100 
                0x0000000020000240                . = ALIGN (0x4)

.bss_CCMRAM
 *(.bss.CCMRAM .bss.CCMRAM.*)

.b1text
 *(.b1text)
 *(.b1rodata)
 *(.b1rodata.*)

.eb0text
 *(.eb0text)
 *(.eb0rodata)
 *(.eb0rodata.*)

.eb1text
 *(.eb1text)
 *(.eb1rodata)
 *(.eb1rodata.*)

.eb2text
 *(.eb2text)
 *(.eb2rodata)
 *(.eb2rodata.*)

.eb3text
 *(.eb3text)
 *(.eb3rodata)
 *(.eb3rodata.*)

.stab
 *(.stab)

.stabstr
 *(.stabstr)

.stab.excl
 *(.stab.excl)

.stab.exclstr
 *(.stab.exclstr)

.stab.index
 *(.stab.index)

.stab.indexstr
 *(.stab.indexstr)

.comment        0x0000000000000000       0x70
 *(.comment)
 .comment       0x0000000000000000       0x70 ./system/src/stm32f1-stdperiph/stm32f10x_gpio.o
                                         0x71 (size before relaxing)
 .comment       0x0000000000000000       0x71 ./system/src/stm32f1-stdperiph/stm32f10x_rcc.o
 .comment       0x0000000000000000       0x71 ./system/src/stm32f1-stdperiph/stm32f10x_usart.o
 .comment       0x0000000000000000       0x71 ./system/src/newlib/_exit.o
 .comment       0x0000000000000000       0x71 ./system/src/newlib/_sbrk.o
 .comment       0x0000000000000000       0x71 ./system/src/newlib/_startup.o
 .comment       0x0000000000000000       0x71 ./system/src/newlib/_syscalls.o
 .comment       0x0000000000000000       0x71 ./system/src/newlib/assert.o
 .comment       0x0000000000000000       0x71 ./system/src/diag/Trace.o
 .comment       0x0000000000000000       0x71 ./system/src/diag/trace_impl.o
 .comment       0x0000000000000000       0x71 ./system/src/cortexm/_initialize_hardware.o
 .comment       0x0000000000000000       0x71 ./system/src/cortexm/exception_handlers.o
 .comment       0x0000000000000000       0x71 ./system/src/cmsis/system_stm32f10x.o
 .comment       0x0000000000000000       0x71 ./system/src/cmsis/vectors_stm32f10x.o
 .comment       0x0000000000000000       0x71 ./src/Timer.o
 .comment       0x0000000000000000       0x71 ./src/main.o
 .comment       0x0000000000000000       0x71 ./src/usart.o

.ARM.attributes
                0x0000000000000000       0x33
 .ARM.attributes
                0x0000000000000000       0x33 ./system/src/stm32f1-stdperiph/stm32f10x_gpio.o
 .ARM.attributes
                0x0000000000000033       0x33 ./system/src/stm32f1-stdperiph/stm32f10x_rcc.o
 .ARM.attributes
                0x0000000000000066       0x33 ./system/src/stm32f1-stdperiph/stm32f10x_usart.o
 .ARM.attributes
                0x0000000000000099       0x33 ./system/src/newlib/_exit.o
 .ARM.attributes
                0x00000000000000cc       0x33 ./system/src/newlib/_sbrk.o
 .ARM.attributes
                0x00000000000000ff       0x33 ./system/src/newlib/_startup.o
 .ARM.attributes
                0x0000000000000132       0x33 ./system/src/newlib/_syscalls.o
 .ARM.attributes
                0x0000000000000165       0x33 ./system/src/newlib/assert.o
 .ARM.attributes
                0x0000000000000198       0x33 ./system/src/diag/Trace.o
 .ARM.attributes
                0x00000000000001cb       0x33 ./system/src/diag/trace_impl.o
 .ARM.attributes
                0x00000000000001fe       0x33 ./system/src/cortexm/_initialize_hardware.o
 .ARM.attributes
                0x0000000000000231       0x33 ./system/src/cortexm/exception_handlers.o
 .ARM.attributes
                0x0000000000000264       0x33 ./system/src/cmsis/system_stm32f10x.o
 .ARM.attributes
                0x0000000000000297       0x33 ./system/src/cmsis/vectors_stm32f10x.o
 .ARM.attributes
                0x00000000000002ca       0x33 ./src/Timer.o
 .ARM.attributes
                0x00000000000002fd       0x33 ./src/main.o
 .ARM.attributes
                0x0000000000000330       0x33 ./src/usart.o
 .ARM.attributes
                0x0000000000000363       0x2d /usr/bin/../lib/gcc/arm-none-eabi/4.9.3/../../../../arm-none-eabi/lib/armv7-m/libg_nano.a(lib_a-errno.o)
 .ARM.attributes
                0x0000000000000390       0x2d /usr/bin/../lib/gcc/arm-none-eabi/4.9.3/../../../../arm-none-eabi/lib/armv7-m/libg_nano.a(lib_a-impure.o)
 .ARM.attributes
                0x00000000000003bd       0x2d /usr/bin/../lib/gcc/arm-none-eabi/4.9.3/../../../../arm-none-eabi/lib/armv7-m/libg_nano.a(lib_a-strlen.o)
 .ARM.attributes
                0x00000000000003ea       0x2d /usr/bin/../lib/gcc/arm-none-eabi/4.9.3/../../../../arm-none-eabi/lib/armv7-m/libg_nano.a(lib_a-vsnprintf.o)
 .ARM.attributes
                0x0000000000000417       0x2d /usr/bin/../lib/gcc/arm-none-eabi/4.9.3/../../../../arm-none-eabi/lib/armv7-m/libg_nano.a(lib_a-nano-svfprintf.o)
 .ARM.attributes
                0x0000000000000444       0x2d /usr/bin/../lib/gcc/arm-none-eabi/4.9.3/../../../../arm-none-eabi/lib/armv7-m/libg_nano.a(lib_a-nano-vfprintf_i.o)
 .ARM.attributes
                0x0000000000000471       0x2d /usr/bin/../lib/gcc/arm-none-eabi/4.9.3/../../../../arm-none-eabi/lib/armv7-m/libg_nano.a(lib_a-memchr.o)
 .ARM.attributes
                0x000000000000049e       0x2d /usr/bin/../lib/gcc/arm-none-eabi/4.9.3/../../../../arm-none-eabi/lib/armv7-m/libg_nano.a(lib_a-memcpy.o)
 .ARM.attributes
                0x00000000000004cb       0x2d /usr/bin/../lib/gcc/arm-none-eabi/4.9.3/../../../../arm-none-eabi/lib/armv7-m/libg_nano.a(lib_a-memmove.o)
 .ARM.attributes
                0x00000000000004f8       0x2d /usr/bin/../lib/gcc/arm-none-eabi/4.9.3/../../../../arm-none-eabi/lib/armv7-m/libg_nano.a(lib_a-nano-freer.o)
 .ARM.attributes
                0x0000000000000525       0x2d /usr/bin/../lib/gcc/arm-none-eabi/4.9.3/../../../../arm-none-eabi/lib/armv7-m/libg_nano.a(lib_a-nano-mallocr.o)
 .ARM.attributes
                0x0000000000000552       0x2d /usr/bin/../lib/gcc/arm-none-eabi/4.9.3/../../../../arm-none-eabi/lib/armv7-m/libg_nano.a(lib_a-nano-reallocr.o)
 .ARM.attributes
                0x000000000000057f       0x2d /usr/bin/../lib/gcc/arm-none-eabi/4.9.3/../../../../arm-none-eabi/lib/armv7-m/libg_nano.a(lib_a-sbrkr.o)
 .ARM.attributes
                0x00000000000005ac       0x2d /usr/bin/../lib/gcc/arm-none-eabi/4.9.3/../../../../arm-none-eabi/lib/armv7-m/libg_nano.a(lib_a-nano-msizer.o)

.debug
 *(.debug)

.line
 *(.line)

.debug_srcinfo
 *(.debug_srcinfo)

.debug_sfnames
 *(.debug_sfnames)

.debug_aranges  0x0000000000000000      0x5d8
 *(.debug_aranges)
 .debug_aranges
                0x0000000000000000       0xa8 ./system/src/stm32f1-stdperiph/stm32f10x_gpio.o
 .debug_aranges
                0x00000000000000a8      0x118 ./system/src/stm32f1-stdperiph/stm32f10x_rcc.o
 .debug_aranges
                0x00000000000001c0      0x100 ./system/src/stm32f1-stdperiph/stm32f10x_usart.o
 .debug_aranges
                0x00000000000002c0       0x28 ./system/src/newlib/_exit.o
 .debug_aranges
                0x00000000000002e8       0x20 ./system/src/newlib/_sbrk.o
 .debug_aranges
                0x0000000000000308       0x40 ./system/src/newlib/_startup.o
 .debug_aranges
                0x0000000000000348       0x30 ./system/src/newlib/_syscalls.o
 .debug_aranges
                0x0000000000000378       0x28 ./system/src/newlib/assert.o
 .debug_aranges
                0x00000000000003a0       0x38 ./system/src/diag/Trace.o
 .debug_aranges
                0x00000000000003d8       0x30 ./system/src/diag/trace_impl.o
 .debug_aranges
                0x0000000000000408       0x28 ./system/src/cortexm/_initialize_hardware.o
 .debug_aranges
                0x0000000000000430       0x90 ./system/src/cortexm/exception_handlers.o
 .debug_aranges
                0x00000000000004c0       0x38 ./system/src/cmsis/system_stm32f10x.o
 .debug_aranges
                0x00000000000004f8       0x20 ./system/src/cmsis/vectors_stm32f10x.o
 .debug_aranges
                0x0000000000000518       0x28 ./src/Timer.o
 .debug_aranges
                0x0000000000000540       0x68 ./src/main.o
 .debug_aranges
                0x00000000000005a8       0x30 ./src/usart.o

.debug_pubnames
 *(.debug_pubnames)

.debug_info     0x0000000000000000     0x6739
 *(.debug_info .gnu.linkonce.wi.*)
 .debug_info    0x0000000000000000      0xbd4 ./system/src/stm32f1-stdperiph/stm32f10x_gpio.o
 .debug_info    0x0000000000000bd4      0xc6b ./system/src/stm32f1-stdperiph/stm32f10x_rcc.o
 .debug_info    0x000000000000183f     0x12ab ./system/src/stm32f1-stdperiph/stm32f10x_usart.o
 .debug_info    0x0000000000002aea      0x100 ./system/src/newlib/_exit.o
 .debug_info    0x0000000000002bea      0x125 ./system/src/newlib/_sbrk.o
 .debug_info    0x0000000000002d0f      0x474 ./system/src/newlib/_startup.o
 .debug_info    0x0000000000003183      0x1a9 ./system/src/newlib/_syscalls.o
 .debug_info    0x000000000000332c      0x1b0 ./system/src/newlib/assert.o
 .debug_info    0x00000000000034dc      0x32b ./system/src/diag/Trace.o
 .debug_info    0x0000000000003807      0x304 ./system/src/diag/trace_impl.o
 .debug_info    0x0000000000003b0b       0xdf ./system/src/cortexm/_initialize_hardware.o
 .debug_info    0x0000000000003bea      0x8cd ./system/src/cortexm/exception_handlers.o
 .debug_info    0x00000000000044b7      0x474 ./system/src/cmsis/system_stm32f10x.o
 .debug_info    0x000000000000492b       0xd1 ./system/src/cmsis/vectors_stm32f10x.o
 .debug_info    0x00000000000049fc      0x1a0 ./src/Timer.o
 .debug_info    0x0000000000004b9c     0x1465 ./src/main.o
 .debug_info    0x0000000000006001      0x738 ./src/usart.o

.debug_abbrev   0x0000000000000000     0x1b16
 *(.debug_abbrev)
 .debug_abbrev  0x0000000000000000      0x1f9 ./system/src/stm32f1-stdperiph/stm32f10x_gpio.o
 .debug_abbrev  0x00000000000001f9      0x1ff ./system/src/stm32f1-stdperiph/stm32f10x_rcc.o
 .debug_abbrev  0x00000000000003f8      0x1d6 ./system/src/stm32f1-stdperiph/stm32f10x_usart.o
 .debug_abbrev  0x00000000000005ce       0xa4 ./system/src/newlib/_exit.o
 .debug_abbrev  0x0000000000000672       0xbb ./system/src/newlib/_sbrk.o
 .debug_abbrev  0x000000000000072d      0x1e9 ./system/src/newlib/_startup.o
 .debug_abbrev  0x0000000000000916       0xe7 ./system/src/newlib/_syscalls.o
 .debug_abbrev  0x00000000000009fd       0xc9 ./system/src/newlib/assert.o
 .debug_abbrev  0x0000000000000ac6      0x178 ./system/src/diag/Trace.o
 .debug_abbrev  0x0000000000000c3e      0x1bd ./system/src/diag/trace_impl.o
 .debug_abbrev  0x0000000000000dfb       0x88 ./system/src/cortexm/_initialize_hardware.o
 .debug_abbrev  0x0000000000000e83      0x23e ./system/src/cortexm/exception_handlers.o
 .debug_abbrev  0x00000000000010c1      0x157 ./system/src/cmsis/system_stm32f10x.o
 .debug_abbrev  0x0000000000001218       0x9d ./system/src/cmsis/vectors_stm32f10x.o
 .debug_abbrev  0x00000000000012b5      0x181 ./src/Timer.o
 .debug_abbrev  0x0000000000001436      0x4bb ./src/main.o
 .debug_abbrev  0x00000000000018f1      0x225 ./src/usart.o

.debug_line     0x0000000000000000     0x472f
 *(.debug_line)
 .debug_line    0x0000000000000000      0x8a9 ./system/src/stm32f1-stdperiph/stm32f10x_gpio.o
 .debug_line    0x00000000000008a9      0x7f3 ./system/src/stm32f1-stdperiph/stm32f10x_rcc.o
 .debug_line    0x000000000000109c      0xa90 ./system/src/stm32f1-stdperiph/stm32f10x_usart.o
 .debug_line    0x0000000000001b2c      0x1f1 ./system/src/newlib/_exit.o
 .debug_line    0x0000000000001d1d      0x194 ./system/src/newlib/_sbrk.o
 .debug_line    0x0000000000001eb1      0x252 ./system/src/newlib/_startup.o
 .debug_line    0x0000000000002103      0x26e ./system/src/newlib/_syscalls.o
 .debug_line    0x0000000000002371      0x228 ./system/src/newlib/assert.o
 .debug_line    0x0000000000002599      0x24c ./system/src/diag/Trace.o
 .debug_line    0x00000000000027e5      0x4c4 ./system/src/diag/trace_impl.o
 .debug_line    0x0000000000002ca9      0x32f ./system/src/cortexm/_initialize_hardware.o
 .debug_line    0x0000000000002fd8      0x57e ./system/src/cortexm/exception_handlers.o
 .debug_line    0x0000000000003556      0x390 ./system/src/cmsis/system_stm32f10x.o
 .debug_line    0x00000000000038e6       0xd4 ./system/src/cmsis/vectors_stm32f10x.o
 .debug_line    0x00000000000039ba      0x359 ./src/Timer.o
 .debug_line    0x0000000000003d13      0x6df ./src/main.o
 .debug_line    0x00000000000043f2      0x33d ./src/usart.o

.debug_frame    0x0000000000000000     0x10f8
 *(.debug_frame)
 .debug_frame   0x0000000000000000      0x1e8 ./system/src/stm32f1-stdperiph/stm32f10x_gpio.o
 .debug_frame   0x00000000000001e8      0x31c ./system/src/stm32f1-stdperiph/stm32f10x_rcc.o
 .debug_frame   0x0000000000000504      0x31c ./system/src/stm32f1-stdperiph/stm32f10x_usart.o
 .debug_frame   0x0000000000000820       0x38 ./system/src/newlib/_exit.o
 .debug_frame   0x0000000000000858       0x28 ./system/src/newlib/_sbrk.o
 .debug_frame   0x0000000000000880       0x7c ./system/src/newlib/_startup.o
 .debug_frame   0x00000000000008fc       0x50 ./system/src/newlib/_syscalls.o
 .debug_frame   0x000000000000094c       0x40 ./system/src/newlib/assert.o
 .debug_frame   0x000000000000098c       0x94 ./system/src/diag/Trace.o
 .debug_frame   0x0000000000000a20       0x60 ./system/src/diag/trace_impl.o
 .debug_frame   0x0000000000000a80       0x40 ./system/src/cortexm/_initialize_hardware.o
 .debug_frame   0x0000000000000ac0      0x158 ./system/src/cortexm/exception_handlers.o
 .debug_frame   0x0000000000000c18       0x68 ./system/src/cmsis/system_stm32f10x.o
 .debug_frame   0x0000000000000c80       0x20 ./system/src/cmsis/vectors_stm32f10x.o
 .debug_frame   0x0000000000000ca0       0x30 ./src/Timer.o
 .debug_frame   0x0000000000000cd0       0xfc ./src/main.o
 .debug_frame   0x0000000000000dcc       0x60 ./src/usart.o
 .debug_frame   0x0000000000000e2c       0x20 /usr/bin/../lib/gcc/arm-none-eabi/4.9.3/../../../../arm-none-eabi/lib/armv7-m/libg_nano.a(lib_a-errno.o)
 .debug_frame   0x0000000000000e4c       0x20 /usr/bin/../lib/gcc/arm-none-eabi/4.9.3/../../../../arm-none-eabi/lib/armv7-m/libg_nano.a(lib_a-strlen.o)
 .debug_frame   0x0000000000000e6c       0x50 /usr/bin/../lib/gcc/arm-none-eabi/4.9.3/../../../../arm-none-eabi/lib/armv7-m/libg_nano.a(lib_a-vsnprintf.o)
 .debug_frame   0x0000000000000ebc       0x8c /usr/bin/../lib/gcc/arm-none-eabi/4.9.3/../../../../arm-none-eabi/lib/armv7-m/libg_nano.a(lib_a-nano-svfprintf.o)
 .debug_frame   0x0000000000000f48       0x58 /usr/bin/../lib/gcc/arm-none-eabi/4.9.3/../../../../arm-none-eabi/lib/armv7-m/libg_nano.a(lib_a-nano-vfprintf_i.o)
 .debug_frame   0x0000000000000fa0       0x28 /usr/bin/../lib/gcc/arm-none-eabi/4.9.3/../../../../arm-none-eabi/lib/armv7-m/libg_nano.a(lib_a-memchr.o)
 .debug_frame   0x0000000000000fc8       0x28 /usr/bin/../lib/gcc/arm-none-eabi/4.9.3/../../../../arm-none-eabi/lib/armv7-m/libg_nano.a(lib_a-memcpy.o)
 .debug_frame   0x0000000000000ff0       0x28 /usr/bin/../lib/gcc/arm-none-eabi/4.9.3/../../../../arm-none-eabi/lib/armv7-m/libg_nano.a(lib_a-memmove.o)
 .debug_frame   0x0000000000001018       0x2c /usr/bin/../lib/gcc/arm-none-eabi/4.9.3/../../../../arm-none-eabi/lib/armv7-m/libg_nano.a(lib_a-nano-freer.o)
 .debug_frame   0x0000000000001044       0x2c /usr/bin/../lib/gcc/arm-none-eabi/4.9.3/../../../../arm-none-eabi/lib/armv7-m/libg_nano.a(lib_a-nano-mallocr.o)
 .debug_frame   0x0000000000001070       0x3c /usr/bin/../lib/gcc/arm-none-eabi/4.9.3/../../../../arm-none-eabi/lib/armv7-m/libg_nano.a(lib_a-nano-reallocr.o)
 .debug_frame   0x00000000000010ac       0x2c /usr/bin/../lib/gcc/arm-none-eabi/4.9.3/../../../../arm-none-eabi/lib/armv7-m/libg_nano.a(lib_a-sbrkr.o)
 .debug_frame   0x00000000000010d8       0x20 /usr/bin/../lib/gcc/arm-none-eabi/4.9.3/../../../../arm-none-eabi/lib/armv7-m/libg_nano.a(lib_a-nano-msizer.o)

.debug_str      0x0000000000000000    0x56f6b
 *(.debug_str)
 .debug_str     0x0000000000000000    0x4e2f8 ./system/src/stm32f1-stdperiph/stm32f10x_gpio.o
                                      0x4e4bc (size before relaxing)
 .debug_str     0x000000000004e2f8      0xb38 ./system/src/stm32f1-stdperiph/stm32f10x_rcc.o
                                      0x4ea8b (size before relaxing)
 .debug_str     0x000000000004ee30      0x7fd ./system/src/stm32f1-stdperiph/stm32f10x_usart.o
                                      0x4e7f5 (size before relaxing)
 .debug_str     0x000000000004f62d     0x37d3 ./system/src/newlib/_exit.o
                                       0x5dda (size before relaxing)
 .debug_str     0x0000000000052e00      0x4de ./system/src/newlib/_sbrk.o
                                       0x454c (size before relaxing)
 .debug_str     0x00000000000532de      0x260 ./system/src/newlib/_startup.o
                                       0x4122 (size before relaxing)
 .debug_str     0x000000000005353e      0xc2d ./system/src/newlib/_syscalls.o
                                       0x5fff (size before relaxing)
 .debug_str     0x000000000005416b       0xd5 ./system/src/newlib/assert.o
                                       0x68df (size before relaxing)
 .debug_str     0x0000000000054240      0x9ac ./system/src/diag/Trace.o
                                       0x66eb (size before relaxing)
 .debug_str     0x0000000000054bec      0x378 ./system/src/diag/trace_impl.o
                                      0x50d62 (size before relaxing)
 .debug_str     0x0000000000054f64       0x4e ./system/src/cortexm/_initialize_hardware.o
                                      0x4df27 (size before relaxing)
 .debug_str     0x0000000000054fb2      0x1e8 ./system/src/cortexm/exception_handlers.o
                                      0x51af3 (size before relaxing)
 .debug_str     0x000000000005519a       0xa6 ./system/src/cmsis/system_stm32f10x.o
                                      0x4e050 (size before relaxing)
 .debug_str     0x0000000000055240       0x57 ./system/src/cmsis/vectors_stm32f10x.o
                                       0x3040 (size before relaxing)
 .debug_str     0x0000000000055297      0x49a ./src/Timer.o
                                      0x4e1a7 (size before relaxing)
 .debug_str     0x0000000000055731     0x17b1 ./src/main.o
                                      0x53c36 (size before relaxing)
 .debug_str     0x0000000000056ee2       0x89 ./src/usart.o
                                      0x4e53f (size before relaxing)

.debug_loc      0x0000000000000000     0x2a0e
 *(.debug_loc)
 .debug_loc     0x0000000000000000      0x773 ./system/src/stm32f1-stdperiph/stm32f10x_gpio.o
 .debug_loc     0x0000000000000773      0x98f ./system/src/stm32f1-stdperiph/stm32f10x_rcc.o
 .debug_loc     0x0000000000001102      0xc43 ./system/src/stm32f1-stdperiph/stm32f10x_usart.o
 .debug_loc     0x0000000000001d45       0x82 ./system/src/newlib/_sbrk.o
 .debug_loc     0x0000000000001dc7      0x265 ./system/src/newlib/_startup.o
 .debug_loc     0x000000000000202c       0x63 ./system/src/newlib/_syscalls.o
 .debug_loc     0x000000000000208f       0xec ./system/src/newlib/assert.o
 .debug_loc     0x000000000000217b       0xf7 ./system/src/diag/Trace.o
 .debug_loc     0x0000000000002272      0x17c ./system/src/diag/trace_impl.o
 .debug_loc     0x00000000000023ee      0x2a8 ./system/src/cortexm/exception_handlers.o
 .debug_loc     0x0000000000002696       0xe4 ./system/src/cmsis/system_stm32f10x.o
 .debug_loc     0x000000000000277a      0x1c3 ./src/main.o
 .debug_loc     0x000000000000293d       0xd1 ./src/usart.o

.debug_macinfo
 *(.debug_macinfo)

.debug_weaknames
 *(.debug_weaknames)

.debug_funcnames
 *(.debug_funcnames)

.debug_typenames
 *(.debug_typenames)

.debug_varnames
 *(.debug_varnames)
OUTPUT(testcppled2.elf elf32-littlearm)

.debug_ranges   0x0000000000000000      0x510
 .debug_ranges  0x0000000000000000       0x98 ./system/src/stm32f1-stdperiph/stm32f10x_gpio.o
 .debug_ranges  0x0000000000000098      0x108 ./system/src/stm32f1-stdperiph/stm32f10x_rcc.o
 .debug_ranges  0x00000000000001a0       0xf0 ./system/src/stm32f1-stdperiph/stm32f10x_usart.o
 .debug_ranges  0x0000000000000290       0x18 ./system/src/newlib/_exit.o
 .debug_ranges  0x00000000000002a8       0x10 ./system/src/newlib/_sbrk.o
 .debug_ranges  0x00000000000002b8       0x48 ./system/src/newlib/_startup.o
 .debug_ranges  0x0000000000000300       0x20 ./system/src/newlib/_syscalls.o
 .debug_ranges  0x0000000000000320       0x18 ./system/src/newlib/assert.o
 .debug_ranges  0x0000000000000338       0x28 ./system/src/diag/Trace.o
 .debug_ranges  0x0000000000000360       0x38 ./system/src/diag/trace_impl.o
 .debug_ranges  0x0000000000000398       0x18 ./system/src/cortexm/_initialize_hardware.o
 .debug_ranges  0x00000000000003b0       0x98 ./system/src/cortexm/exception_handlers.o
 .debug_ranges  0x0000000000000448       0x28 ./system/src/cmsis/system_stm32f10x.o
 .debug_ranges  0x0000000000000470       0x10 ./system/src/cmsis/vectors_stm32f10x.o
 .debug_ranges  0x0000000000000480       0x18 ./src/Timer.o
 .debug_ranges  0x0000000000000498       0x58 ./src/main.o
 .debug_ranges  0x00000000000004f0       0x20 ./src/usart.o

.debug_macro    0x0000000000000000     0x4568
 .debug_macro   0x0000000000000000      0x1aa ./system/src/stm32f1-stdperiph/stm32f10x_gpio.o
 .debug_macro   0x00000000000001aa      0x2a6 ./system/src/stm32f1-stdperiph/stm32f10x_gpio.o
 .debug_macro   0x0000000000000450      0x278 ./system/src/stm32f1-stdperiph/stm32f10x_rcc.o
 .debug_macro   0x00000000000006c8      0x3dc ./system/src/stm32f1-stdperiph/stm32f10x_rcc.o
 .debug_macro   0x0000000000000aa4      0x210 ./system/src/stm32f1-stdperiph/stm32f10x_usart.o
 .debug_macro   0x0000000000000cb4      0x21c ./system/src/stm32f1-stdperiph/stm32f10x_usart.o
 .debug_macro   0x0000000000000ed0      0x128 ./system/src/newlib/_exit.o
 .debug_macro   0x0000000000000ff8       0x9c ./system/src/newlib/_exit.o
 .debug_macro   0x0000000000001094      0x10e ./system/src/newlib/_exit.o
 .debug_macro   0x00000000000011a2       0x86 ./system/src/newlib/_exit.o
 .debug_macro   0x0000000000001228       0x43 ./system/src/newlib/_exit.o
 .debug_macro   0x000000000000126b      0x27a ./system/src/newlib/_exit.o
 .debug_macro   0x00000000000014e5       0x35 ./system/src/newlib/_exit.o
 .debug_macro   0x000000000000151a       0xd1 ./system/src/newlib/_sbrk.o
 .debug_macro   0x00000000000015eb       0x19 ./system/src/newlib/_sbrk.o
 .debug_macro   0x0000000000001604      0x16d ./system/src/newlib/_sbrk.o
 .debug_macro   0x0000000000001771       0x10 ./system/src/newlib/_sbrk.o
 .debug_macro   0x0000000000001781      0x23b ./system/src/newlib/_sbrk.o
 .debug_macro   0x00000000000019bc       0xdb ./system/src/newlib/_startup.o
 .debug_macro   0x0000000000001a97      0x17c ./system/src/newlib/_syscalls.o
 .debug_macro   0x0000000000001c13       0x1c ./system/src/newlib/_syscalls.o
 .debug_macro   0x0000000000001c2f       0x10 ./system/src/newlib/_syscalls.o
 .debug_macro   0x0000000000001c3f       0x10 ./system/src/newlib/_syscalls.o
 .debug_macro   0x0000000000001c4f       0x10 ./system/src/newlib/_syscalls.o
 .debug_macro   0x0000000000001c5f       0x35 ./system/src/newlib/_syscalls.o
 .debug_macro   0x0000000000001c94      0x121 ./system/src/newlib/_syscalls.o
 .debug_macro   0x0000000000001db5       0x22 ./system/src/newlib/_syscalls.o
 .debug_macro   0x0000000000001dd7       0x2b ./system/src/newlib/_syscalls.o
 .debug_macro   0x0000000000001e02      0x118 ./system/src/newlib/_syscalls.o
 .debug_macro   0x0000000000001f1a      0x13e ./system/src/newlib/_syscalls.o
 .debug_macro   0x0000000000002058       0x16 ./system/src/newlib/_syscalls.o
 .debug_macro   0x000000000000206e      0x144 ./system/src/newlib/assert.o
 .debug_macro   0x00000000000021b2       0x1c ./system/src/newlib/assert.o
 .debug_macro   0x00000000000021ce      0x14f ./system/src/diag/Trace.o
 .debug_macro   0x000000000000231d       0x16 ./system/src/diag/Trace.o
 .debug_macro   0x0000000000002333       0x97 ./system/src/diag/Trace.o
 .debug_macro   0x00000000000023ca       0xf6 ./system/src/diag/Trace.o
 .debug_macro   0x00000000000024c0       0x10 ./system/src/diag/Trace.o
 .debug_macro   0x00000000000024d0       0x16 ./system/src/diag/Trace.o
 .debug_macro   0x00000000000024e6      0x196 ./system/src/diag/Trace.o
 .debug_macro   0x000000000000267c       0x52 ./system/src/diag/Trace.o
 .debug_macro   0x00000000000026ce       0x16 ./system/src/diag/Trace.o
 .debug_macro   0x00000000000026e4      0x246 ./system/src/diag/trace_impl.o
 .debug_macro   0x000000000000292a       0x10 ./system/src/diag/trace_impl.o
 .debug_macro   0x000000000000293a       0xc8 ./system/src/diag/trace_impl.o
 .debug_macro   0x0000000000002a02       0xbe ./system/src/diag/trace_impl.o
 .debug_macro   0x0000000000002ac0       0x22 ./system/src/diag/trace_impl.o
 .debug_macro   0x0000000000002ae2      0x15c ./system/src/cortexm/_initialize_hardware.o
 .debug_macro   0x0000000000002c3e      0x281 ./system/src/cortexm/exception_handlers.o
 .debug_macro   0x0000000000002ebf       0x10 ./system/src/cortexm/exception_handlers.o
 .debug_macro   0x0000000000002ecf      0x15f ./system/src/cmsis/system_stm32f10x.o
 .debug_macro   0x000000000000302e       0x34 ./system/src/cmsis/vectors_stm32f10x.o
 .debug_macro   0x0000000000003062      0x16f ./src/Timer.o
 .debug_macro   0x00000000000031d1      0xa8b ./src/Timer.o
 .debug_macro   0x0000000000003c5c       0x10 ./src/Timer.o
 .debug_macro   0x0000000000003c6c      0x31b ./src/main.o
 .debug_macro   0x0000000000003f87       0x97 ./src/main.o
 .debug_macro   0x000000000000401e       0xfd ./src/main.o
 .debug_macro   0x000000000000411b       0x28 ./src/main.o
 .debug_macro   0x0000000000004143      0x1da ./src/main.o
 .debug_macro   0x000000000000431d       0x52 ./src/main.o
 .debug_macro   0x000000000000436f       0x52 ./src/main.o
 .debug_macro   0x00000000000043c1       0x10 ./src/main.o
 .debug_macro   0x00000000000043d1       0x10 ./src/main.o
 .debug_macro   0x00000000000043e1       0x22 ./src/main.o
 .debug_macro   0x0000000000004403      0x165 ./src/usart.o
