Archive member included because of file (symbol)

/usr/bin/../lib/gcc/arm-none-eabi/4.9.3/../../../../arm-none-eabi/lib/armv7-m/libg_nano.a(lib_a-errno.o)
                              ./system/src/newlib/_sbrk.o (__errno)
/usr/bin/../lib/gcc/arm-none-eabi/4.9.3/../../../../arm-none-eabi/lib/armv7-m/libg_nano.a(lib_a-impure.o)
                              /usr/bin/../lib/gcc/arm-none-eabi/4.9.3/../../../../arm-none-eabi/lib/armv7-m/libg_nano.a(lib_a-errno.o) (_impure_ptr)
/usr/bin/../lib/gcc/arm-none-eabi/4.9.3/../../../../arm-none-eabi/lib/armv7-m/libg_nano.a(lib_a-strlen.o)
                              ./system/src/diag/Trace.o (strlen)
/usr/bin/../lib/gcc/arm-none-eabi/4.9.3/../../../../arm-none-eabi/lib/armv7-m/libg_nano.a(lib_a-vsnprintf.o)
                              ./system/src/diag/Trace.o (vsnprintf)
/usr/bin/../lib/gcc/arm-none-eabi/4.9.3/../../../../arm-none-eabi/lib/armv7-m/libg_nano.a(lib_a-nano-svfprintf.o)
                              /usr/bin/../lib/gcc/arm-none-eabi/4.9.3/../../../../arm-none-eabi/lib/armv7-m/libg_nano.a(lib_a-vsnprintf.o) (_svfprintf_r)
/usr/bin/../lib/gcc/arm-none-eabi/4.9.3/../../../../arm-none-eabi/lib/armv7-m/libg_nano.a(lib_a-nano-vfprintf_i.o)
                              /usr/bin/../lib/gcc/arm-none-eabi/4.9.3/../../../../arm-none-eabi/lib/armv7-m/libg_nano.a(lib_a-nano-svfprintf.o) (_printf_i)
/usr/bin/../lib/gcc/arm-none-eabi/4.9.3/../../../../arm-none-eabi/lib/armv7-m/libg_nano.a(lib_a-memchr.o)
                              /usr/bin/../lib/gcc/arm-none-eabi/4.9.3/../../../../arm-none-eabi/lib/armv7-m/libg_nano.a(lib_a-nano-svfprintf.o) (memchr)
/usr/bin/../lib/gcc/arm-none-eabi/4.9.3/../../../../arm-none-eabi/lib/armv7-m/libg_nano.a(lib_a-memcpy.o)
                              /usr/bin/../lib/gcc/arm-none-eabi/4.9.3/../../../../arm-none-eabi/lib/armv7-m/libg_nano.a(lib_a-nano-svfprintf.o) (memcpy)
/usr/bin/../lib/gcc/arm-none-eabi/4.9.3/../../../../arm-none-eabi/lib/armv7-m/libg_nano.a(lib_a-memmove.o)
                              /usr/bin/../lib/gcc/arm-none-eabi/4.9.3/../../../../arm-none-eabi/lib/armv7-m/libg_nano.a(lib_a-nano-svfprintf.o) (memmove)
/usr/bin/../lib/gcc/arm-none-eabi/4.9.3/../../../../arm-none-eabi/lib/armv7-m/libg_nano.a(lib_a-nano-freer.o)
                              /usr/bin/../lib/gcc/arm-none-eabi/4.9.3/../../../../arm-none-eabi/lib/armv7-m/libg_nano.a(lib_a-nano-svfprintf.o) (_free_r)
/usr/bin/../lib/gcc/arm-none-eabi/4.9.3/../../../../arm-none-eabi/lib/armv7-m/libg_nano.a(lib_a-nano-mallocr.o)
                              /usr/bin/../lib/gcc/arm-none-eabi/4.9.3/../../../../arm-none-eabi/lib/armv7-m/libg_nano.a(lib_a-nano-svfprintf.o) (_malloc_r)
/usr/bin/../lib/gcc/arm-none-eabi/4.9.3/../../../../arm-none-eabi/lib/armv7-m/libg_nano.a(lib_a-nano-reallocr.o)
                              /usr/bin/../lib/gcc/arm-none-eabi/4.9.3/../../../../arm-none-eabi/lib/armv7-m/libg_nano.a(lib_a-nano-svfprintf.o) (_realloc_r)
/usr/bin/../lib/gcc/arm-none-eabi/4.9.3/../../../../arm-none-eabi/lib/armv7-m/libg_nano.a(lib_a-sbrkr.o)
                              /usr/bin/../lib/gcc/arm-none-eabi/4.9.3/../../../../arm-none-eabi/lib/armv7-m/libg_nano.a(lib_a-nano-mallocr.o) (_sbrk_r)
/usr/bin/../lib/gcc/arm-none-eabi/4.9.3/../../../../arm-none-eabi/lib/armv7-m/libg_nano.a(lib_a-nano-msizer.o)
                              /usr/bin/../lib/gcc/arm-none-eabi/4.9.3/../../../../arm-none-eabi/lib/armv7-m/libg_nano.a(lib_a-nano-reallocr.o) (_malloc_usable_size_r)

Allocating common symbols
Common symbol       size              file

errno               0x4               ./system/src/newlib/_syscalls.o

Discarded input sections

 .group         0x0000000000000000        0x8 ./system/src/stm32f1-stdperiph/misc.o
 .group         0x0000000000000000        0x8 ./system/src/stm32f1-stdperiph/misc.o
 .group         0x0000000000000000        0x8 ./system/src/stm32f1-stdperiph/misc.o
 .group         0x0000000000000000        0x8 ./system/src/stm32f1-stdperiph/misc.o
 .group         0x0000000000000000        0x8 ./system/src/stm32f1-stdperiph/misc.o
 .group         0x0000000000000000        0x8 ./system/src/stm32f1-stdperiph/misc.o
 .group         0x0000000000000000        0x8 ./system/src/stm32f1-stdperiph/misc.o
 .group         0x0000000000000000        0x8 ./system/src/stm32f1-stdperiph/misc.o
 .group         0x0000000000000000        0x8 ./system/src/stm32f1-stdperiph/misc.o
 .group         0x0000000000000000        0x8 ./system/src/stm32f1-stdperiph/misc.o
 .group         0x0000000000000000        0x8 ./system/src/stm32f1-stdperiph/misc.o
 .group         0x0000000000000000        0x8 ./system/src/stm32f1-stdperiph/misc.o
 .group         0x0000000000000000        0x8 ./system/src/stm32f1-stdperiph/misc.o
 .group         0x0000000000000000        0x8 ./system/src/stm32f1-stdperiph/misc.o
 .group         0x0000000000000000        0x8 ./system/src/stm32f1-stdperiph/misc.o
 .group         0x0000000000000000        0x8 ./system/src/stm32f1-stdperiph/misc.o
[...]
Memory Configuration

Name             Origin             Length             Attributes
RAM              0x0000000020000000 0x0000000000005000 xrw
CCMRAM           0x0000000000000000 0x0000000000000000 xrw
FLASH            0x0000000008000000 0x0000000000020000 xr
FLASHB1          0x0000000000000000 0x0000000000000000 xr
EXTMEMB0         0x0000000000000000 0x0000000000000000 xr
EXTMEMB1         0x0000000000000000 0x0000000000000000 xr
EXTMEMB2         0x0000000000000000 0x0000000000000000 xr
EXTMEMB3         0x0000000000000000 0x0000000000000000 xr
MEMORY_ARRAY     0x0000000000000000 0x0000000000000000 xrw
*default*        0x0000000000000000 0xffffffffffffffff

Linker script and memory map

LOAD ./system/src/stm32f1-stdperiph/misc.o
LOAD ./system/src/stm32f1-stdperiph/stm32f10x_adc.o
LOAD ./system/src/stm32f1-stdperiph/stm32f10x_bkp.o
LOAD ./system/src/stm32f1-stdperiph/stm32f10x_can.o
LOAD ./system/src/stm32f1-stdperiph/stm32f10x_cec.o
LOAD ./system/src/stm32f1-stdperiph/stm32f10x_crc.o
LOAD ./system/src/stm32f1-stdperiph/stm32f10x_dac.o
LOAD ./system/src/stm32f1-stdperiph/stm32f10x_dbgmcu.o
LOAD ./system/src/stm32f1-stdperiph/stm32f10x_dma.o
LOAD ./system/src/stm32f1-stdperiph/stm32f10x_exti.o
LOAD ./system/src/stm32f1-stdperiph/stm32f10x_flash.o
LOAD ./system/src/stm32f1-stdperiph/stm32f10x_fsmc.o
LOAD ./system/src/stm32f1-stdperiph/stm32f10x_gpio.o
LOAD ./system/src/stm32f1-stdperiph/stm32f10x_i2c.o
LOAD ./system/src/stm32f1-stdperiph/stm32f10x_iwdg.o
LOAD ./system/src/stm32f1-stdperiph/stm32f10x_pwr.o
LOAD ./system/src/stm32f1-stdperiph/stm32f10x_rcc.o
LOAD ./system/src/stm32f1-stdperiph/stm32f10x_rtc.o
LOAD ./system/src/stm32f1-stdperiph/stm32f10x_sdio.o
LOAD ./system/src/stm32f1-stdperiph/stm32f10x_spi.o
LOAD ./system/src/stm32f1-stdperiph/stm32f10x_tim.o
LOAD ./system/src/stm32f1-stdperiph/stm32f10x_usart.o
LOAD ./system/src/stm32f1-stdperiph/stm32f10x_wwdg.o
LOAD ./system/src/newlib/_cxx.o
LOAD ./system/src/newlib/_exit.o
LOAD ./system/src/newlib/_sbrk.o
LOAD ./system/src/newlib/_startup.o
LOAD ./system/src/newlib/_syscalls.o
LOAD ./system/src/newlib/assert.o
LOAD ./system/src/diag/Trace.o
LOAD ./system/src/diag/trace_impl.o
LOAD ./system/src/cortexm/_initialize_hardware.o
LOAD ./system/src/cortexm/_reset_hardware.o
LOAD ./system/src/cortexm/exception_handlers.o
LOAD ./system/src/cmsis/system_stm32f10x.o
LOAD ./system/src/cmsis/vectors_stm32f10x.o
LOAD ./src/Timer.o
LOAD ./src/_write.o
LOAD ./src/main.o
LOAD ./src/usart.o
LOAD /usr/bin/../lib/gcc/arm-none-eabi/4.9.3/../../../../arm-none-eabi/lib/armv7-m/libstdc++_nano.a
LOAD /usr/bin/../lib/gcc/arm-none-eabi/4.9.3/../../../../arm-none-eabi/lib/armv7-m/libm.a
START GROUP
LOAD /usr/bin/../lib/gcc/arm-none-eabi/4.9.3/armv7-m/libgcc.a
LOAD /usr/bin/../lib/gcc/arm-none-eabi/4.9.3/../../../../arm-none-eabi/lib/armv7-m/libg_nano.a
LOAD /usr/bin/../lib/gcc/arm-none-eabi/4.9.3/../../../../arm-none-eabi/lib/armv7-m/libc_nano.a
END GROUP
START GROUP
LOAD /usr/bin/../lib/gcc/arm-none-eabi/4.9.3/armv7-m/libgcc.a
LOAD /usr/bin/../lib/gcc/arm-none-eabi/4.9.3/../../../../arm-none-eabi/lib/armv7-m/libc_nano.a
END GROUP
                0x0000000020005000                __stack = (ORIGIN (RAM) + 0x5000)
                0x0000000020005000                _estack = __stack
                0x0000000000000400                __Main_Stack_Size = 0x400
                0x0000000000000400                PROVIDE (_Main_Stack_Size, __Main_Stack_Size)
                0x0000000020004c00                __Main_Stack_Limit = (__stack - __Main_Stack_Size)
                0x0000000020004c00                PROVIDE (_Main_Stack_Limit, __Main_Stack_Limit)
                0x0000000000000100                _Minimum_Stack_Size = 0x100
                0x0000000020000158                PROVIDE (_Heap_Begin, _end_noinit)
                0x0000000020004c00                PROVIDE (_Heap_Limit, (__stack - __Main_Stack_Size))

.isr_vector     0x0000000008000000      0x354
                0x0000000008000000                . = ALIGN (0x4)
 *(.isr_vector)
 .isr_vector    0x0000000008000000      0x10c ./system/src/cmsis/vectors_stm32f10x.o
                0x0000000008000000                __isr_vectors
 *(.cfmconfig)
 *(.after_vectors .after_vectors.*)
 .after_vectors
                0x000000000800010c      0x114 ./system/src/newlib/_startup.o
                0x000000000800010c                _start
 .after_vectors
                0x0000000008000220      0x130 ./system/src/cortexm/exception_handlers.o
                0x0000000008000220                Reset_Handler
                0x0000000008000228                NMI_Handler
                0x000000000800022c                HardFault_Handler
                0x0000000008000240                HardFault_Handler_C
                0x00000000080002a0                MemManage_Handler
                0x00000000080002a4                BusFault_Handler
                0x00000000080002b8                BusFault_Handler_C
                0x00000000080002ec                UsageFault_Handler
                0x0000000008000300                UsageFault_Handler_C
                0x0000000008000334                SVC_Handler
                0x0000000008000338                DebugMon_Handler
                0x000000000800033c                PendSV_Handler
 .after_vectors
                0x0000000008000350        0x4 ./system/src/cmsis/vectors_stm32f10x.o
                0x0000000008000350                EXTI2_IRQHandler
                0x0000000008000350                TIM8_TRG_COM_IRQHandler
                0x0000000008000350                TIM8_CC_IRQHandler
                0x0000000008000350                TIM1_CC_IRQHandler
                0x0000000008000350                TIM6_IRQHandler
                0x0000000008000350                PVD_IRQHandler
                0x0000000008000350                SDIO_IRQHandler
                0x0000000008000350                CAN2_RX1_IRQHandler
                0x0000000008000350                EXTI3_IRQHandler
                0x0000000008000350                TIM8_TRG_COM_TIM14_IRQHandler
                0x0000000008000350                TIM1_UP_TIM10_IRQHandler
                0x0000000008000350                TIM8_UP_TIM13_IRQHandler
                0x0000000008000350                EXTI0_IRQHandler
                0x0000000008000350                I2C2_EV_IRQHandler
                0x0000000008000350                CAN1_RX0_IRQHandler
                0x0000000008000350                TIM1_UP_TIM16_IRQHandler
                0x0000000008000350                CAN2_SCE_IRQHandler
                0x0000000008000350                ADC1_2_IRQHandler
                0x0000000008000350                SPI1_IRQHandler
                0x0000000008000350                TAMPER_IRQHandler
                0x0000000008000350                TIM6_DAC_IRQHandler
                0x0000000008000350                TIM1_BRK_TIM9_IRQHandler
                0x0000000008000350                CAN2_RX0_IRQHandler
                0x0000000008000350                TIM8_UP_IRQHandler
                0x0000000008000350                DMA2_Channel2_IRQHandler
                0x0000000008000350                DMA1_Channel4_IRQHandler
                0x0000000008000350                USART3_IRQHandler
                0x0000000008000350                RTC_IRQHandler
                0x0000000008000350                DMA1_Channel7_IRQHandler
                0x0000000008000350                CAN1_RX1_IRQHandler
                0x0000000008000350                UART5_IRQHandler
                0x0000000008000350                ADC3_IRQHandler
                0x0000000008000350                TIM4_IRQHandler
                0x0000000008000350                DMA2_Channel1_IRQHandler
                0x0000000008000350                I2C1_EV_IRQHandler
                0x0000000008000350                DMA1_Channel6_IRQHandler
                0x0000000008000350                UART4_IRQHandler
                0x0000000008000350                DMA2_Channel4_IRQHandler
                0x0000000008000350                TIM3_IRQHandler
                0x0000000008000350                RCC_IRQHandler
                0x0000000008000350                TIM8_BRK_TIM12_IRQHandler
                0x0000000008000350                TIM1_TRG_COM_IRQHandler
                0x0000000008000350                DMA1_Channel1_IRQHandler
                0x0000000008000350                Default_Handler
                0x0000000008000350                CEC_IRQHandler
                0x0000000008000350                EXTI15_10_IRQHandler
                0x0000000008000350                TIM14_IRQHandler
                0x0000000008000350                TIM13_IRQHandler
                0x0000000008000350                TIM12_IRQHandler
                0x0000000008000350                TIM7_IRQHandler
                0x0000000008000350                CAN2_TX_IRQHandler
                0x0000000008000350                TIM5_IRQHandler
                0x0000000008000350                EXTI9_5_IRQHandler
                0x0000000008000350                ETH_WKUP_IRQHandler
                0x0000000008000350                SPI2_IRQHandler
                0x0000000008000350                CAN1_TX_IRQHandler
                0x0000000008000350                DMA2_Channel5_IRQHandler
                0x0000000008000350                DMA1_Channel5_IRQHandler
                0x0000000008000350                EXTI4_IRQHandler
                0x0000000008000350                USB_LP_CAN1_RX0_IRQHandler
                0x0000000008000350                TIM1_TRG_COM_TIM17_IRQHandler
                0x0000000008000350                USB_HP_CAN1_TX_IRQHandler
                0x0000000008000350                DMA1_Channel3_IRQHandler
                0x0000000008000350                FSMC_IRQHandler
                0x0000000008000350                ETH_IRQHandler
                0x0000000008000350                TIM1_UP_IRQHandler
                0x0000000008000350                WWDG_IRQHandler
                0x0000000008000350                TIM2_IRQHandler
                0x0000000008000350                OTG_FS_WKUP_IRQHandler
                0x0000000008000350                TIM1_TRG_COM_TIM11_IRQHandler
                0x0000000008000350                TIM1_BRK_IRQHandler
                0x0000000008000350                EXTI1_IRQHandler
                0x0000000008000350                RTCAlarm_IRQHandler
                0x0000000008000350                DMA2_Channel4_5_IRQHandler
                0x0000000008000350                USART2_IRQHandler
                0x0000000008000350                I2C2_ER_IRQHandler
                0x0000000008000350                DMA1_Channel2_IRQHandler
                0x0000000008000350                TIM8_BRK_IRQHandler
                0x0000000008000350                CAN1_SCE_IRQHandler
                0x0000000008000350                FLASH_IRQHandler
                0x0000000008000350                USART1_IRQHandler
                0x0000000008000350                OTG_FS_IRQHandler
                0x0000000008000350                SPI3_IRQHandler
                0x0000000008000350                I2C1_ER_IRQHandler
                0x0000000008000350                USBWakeUp_IRQHandler
                0x0000000008000350                DMA2_Channel3_IRQHandler
                0x0000000008000350                TIM1_BRK_TIM15_IRQHandler
                0x0000000008000354                . = ALIGN (0x4)

.inits          0x0000000008000354        0x0
                0x0000000008000354                . = ALIGN (0x4)
 *(.init)
 *(.fini)
                0x0000000008000354                . = ALIGN (0x4)
                0x0000000008000354                PROVIDE (__preinit_array_start, .)
 *(.preinit_array_sysinit .preinit_array_sysinit.*)
 *(.preinit_array_platform .preinit_array_platform.*)
 *(.preinit_array .preinit_array.*)
                0x0000000008000354                PROVIDE (__preinit_array_end, .)
                0x0000000008000354                . = ALIGN (0x4)
                0x0000000008000354                PROVIDE (__init_array_start, .)
 *(SORT(.init_array.*))
 *(.init_array)
                0x0000000008000354                PROVIDE (__init_array_end, .)
                0x0000000008000354                . = ALIGN (0x4)
                0x0000000008000354                PROVIDE (__fini_array_start, .)
 *(SORT(.fini_array.*))
 *(.fini_array)
                0x0000000008000354                PROVIDE (__fini_array_end, .)
                0x0000000008000354                . = ALIGN (0x4)

.flashtext      0x0000000008000354        0x0
                0x0000000008000354                . = ALIGN (0x4)
 *(.flashtext .flashtext.*)
                0x0000000008000354                . = ALIGN (0x4)

.text           0x0000000008000354     0x1b31
                0x0000000008000354                . = ALIGN (0x4)
 *(.text .text.*)
 .text.ADC_Init
                0x0000000008000354      0x148 ./system/src/stm32f1-stdperiph/stm32f10x_adc.o
                0x0000000008000354                ADC_Init
 .text.ADC_Cmd  0x000000000800049c       0x54 ./system/src/stm32f1-stdperiph/stm32f10x_adc.o
                0x000000000800049c                ADC_Cmd
 .text.ADC_ResetCalibration
                0x00000000080004f0       0x38 ./system/src/stm32f1-stdperiph/stm32f10x_adc.o
                0x00000000080004f0                ADC_ResetCalibration
 .text.ADC_GetResetCalibrationStatus
                0x0000000008000528       0x3c ./system/src/stm32f1-stdperiph/stm32f10x_adc.o
                0x0000000008000528                ADC_GetResetCalibrationStatus
 .text.ADC_StartCalibration
                0x0000000008000564       0x38 ./system/src/stm32f1-stdperiph/stm32f10x_adc.o
                0x0000000008000564                ADC_StartCalibration
 .text.ADC_GetCalibrationStatus
                0x000000000800059c       0x3c ./system/src/stm32f1-stdperiph/stm32f10x_adc.o
                0x000000000800059c                ADC_GetCalibrationStatus
 .text.ADC_SoftwareStartConvCmd
                0x00000000080005d8       0x54 ./system/src/stm32f1-stdperiph/stm32f10x_adc.o
                0x00000000080005d8                ADC_SoftwareStartConvCmd
 .text.ADC_RegularChannelConfig
                0x000000000800062c       0xe8 ./system/src/stm32f1-stdperiph/stm32f10x_adc.o
                0x000000000800062c                ADC_RegularChannelConfig
 .text.ADC_GetConversionValue
                0x0000000008000714       0x34 ./system/src/stm32f1-stdperiph/stm32f10x_adc.o
                0x0000000008000714                ADC_GetConversionValue
 .text.ADC_GetFlagStatus
                0x0000000008000748       0x5c ./system/src/stm32f1-stdperiph/stm32f10x_adc.o
                0x0000000008000748                ADC_GetFlagStatus
 .text.ADC_ClearFlag
                0x00000000080007a4       0x48 ./system/src/stm32f1-stdperiph/stm32f10x_adc.o
                0x00000000080007a4                ADC_ClearFlag
 .text.GPIO_Init
                0x00000000080007ec      0x12c ./system/src/stm32f1-stdperiph/stm32f10x_gpio.o
                0x00000000080007ec                GPIO_Init
 .text.GPIO_PinRemapConfig
                0x0000000008000918      0x1d0 ./system/src/stm32f1-stdperiph/stm32f10x_gpio.o
                0x0000000008000918                GPIO_PinRemapConfig
 .text.RCC_ADCCLKConfig
                0x0000000008000ae8       0x38 ./system/src/stm32f1-stdperiph/stm32f10x_rcc.o
                0x0000000008000ae8                RCC_ADCCLKConfig
 .text.RCC_GetClocksFreq
                0x0000000008000b20       0xbc ./system/src/stm32f1-stdperiph/stm32f10x_rcc.o
                0x0000000008000b20                RCC_GetClocksFreq
 .text.RCC_AHBPeriphClockCmd
                0x0000000008000bdc       0x4c ./system/src/stm32f1-stdperiph/stm32f10x_rcc.o
                0x0000000008000bdc                RCC_AHBPeriphClockCmd
 .text.RCC_APB2PeriphClockCmd
                0x0000000008000c28       0x4c ./system/src/stm32f1-stdperiph/stm32f10x_rcc.o
                0x0000000008000c28                RCC_APB2PeriphClockCmd
 .text.RCC_ClearFlag
                0x0000000008000c74       0x10 ./system/src/stm32f1-stdperiph/stm32f10x_rcc.o
                0x0000000008000c74                RCC_ClearFlag
 .text._exit    0x0000000008000c84        0x4 ./system/src/newlib/_exit.o
                0x0000000008000c84                _exit
 .text.abort    0x0000000008000c88       0x14 ./system/src/newlib/_exit.o
                0x0000000008000c88                abort
 .text._sbrk    0x0000000008000c9c       0x44 ./system/src/newlib/_sbrk.o
                0x0000000008000c9c                _sbrk
 .text.__initialize_args
                0x0000000008000ce0       0x10 ./system/src/newlib/_syscalls.o
                0x0000000008000ce0                __initialize_args
 .text.assert_failed
                0x0000000008000cf0       0x18 ./system/src/newlib/assert.o
                0x0000000008000cf0                assert_failed
 .text.trace_printf
                0x0000000008000d08       0x34 ./system/src/diag/Trace.o
                0x0000000008000d08                trace_printf
 .text.trace_puts
                0x0000000008000d3c       0x20 ./system/src/diag/Trace.o
                0x0000000008000d3c                trace_puts
 .text._trace_write_semihosting_debug
                0x0000000008000d5c       0x64 ./system/src/diag/trace_impl.o
 .text.trace_write
                0x0000000008000dc0        0x8 ./system/src/diag/trace_impl.o
                0x0000000008000dc0                trace_write
 .text.__initialize_hardware_early
                0x0000000008000dc8        0x8 ./system/src/cortexm/_initialize_hardware.o
                0x0000000008000dc8                __initialize_hardware_early
 .text.__initialize_hardware
                0x0000000008000dd0        0x8 ./system/src/cortexm/_initialize_hardware.o
                0x0000000008000dd0                __initialize_hardware
 .text.dumpExceptionStack
                0x0000000008000dd8       0xf0 ./system/src/cortexm/exception_handlers.o
                0x0000000008000dd8                dumpExceptionStack
 .text.isSemihosting
                0x0000000008000ec8       0x20 ./system/src/cortexm/exception_handlers.o
                0x0000000008000ec8                isSemihosting
 .text.SetSysClockTo72
                0x0000000008000ee8       0xc4 ./system/src/cmsis/system_stm32f10x.o
 .text.SetSysClock
                0x0000000008000fac        0x8 ./system/src/cmsis/system_stm32f10x.o
 .text.SystemInit
                0x0000000008000fb4       0x50 ./system/src/cmsis/system_stm32f10x.o
                0x0000000008000fb4                SystemInit
 .text.SystemCoreClockUpdate
                0x0000000008001004       0x94 ./system/src/cmsis/system_stm32f10x.o
                0x0000000008001004                SystemCoreClockUpdate
 .text._ZN5Timer5sleepEm
                0x0000000008001098       0x14 ./src/Timer.o
                0x0000000008001098                Timer::sleep(unsigned long)
 .text.SysTick_Handler
                0x00000000080010ac       0x14 ./src/Timer.o
                0x00000000080010ac                SysTick_Handler
 .text._ZL16cycleCounterInitv
                0x00000000080010c0       0x28 ./src/main.o
 .text._Z10systemInitv
                0x00000000080010e8       0xe0 ./src/main.o
                0x00000000080010e8                systemInit()
 .text._Z14stat_adc_stuffv
                0x00000000080011c8       0x7c ./src/main.o
                0x00000000080011c8                stat_adc_stuff()
 .text._Z9read_potsv
                0x0000000008001244       0x30 ./src/main.o
                0x0000000008001244                read_pots()
 .text.main     0x0000000008001274       0x98 ./src/main.o
                0x0000000008001274                main
 .text.__errno  0x000000000800130c        0xc /usr/bin/../lib/gcc/arm-none-eabi/4.9.3/../../../../arm-none-eabi/lib/armv7-m/libg_nano.a(lib_a-errno.o)
                0x000000000800130c                __errno
 .text.strlen   0x0000000008001318       0x10 /usr/bin/../lib/gcc/arm-none-eabi/4.9.3/../../../../arm-none-eabi/lib/armv7-m/libg_nano.a(lib_a-strlen.o)
                0x0000000008001318                strlen
 .text._vsnprintf_r
                0x0000000008001328       0x52 /usr/bin/../lib/gcc/arm-none-eabi/4.9.3/../../../../arm-none-eabi/lib/armv7-m/libg_nano.a(lib_a-vsnprintf.o)
                0x0000000008001328                _vsnprintf_r
                0x0000000008001328                _vsniprintf_r
 *fill*         0x000000000800137a        0x2 
 .text.vsnprintf
                0x000000000800137c       0x20 /usr/bin/../lib/gcc/arm-none-eabi/4.9.3/../../../../arm-none-eabi/lib/armv7-m/libg_nano.a(lib_a-vsnprintf.o)
                0x000000000800137c                vsnprintf
                0x000000000800137c                vsniprintf
 .text.__ssputs_r
                0x000000000800139c       0xb2 /usr/bin/../lib/gcc/arm-none-eabi/4.9.3/../../../../arm-none-eabi/lib/armv7-m/libg_nano.a(lib_a-nano-svfprintf.o)
                0x000000000800139c                __ssputs_r
 *fill*         0x000000000800144e        0x2 
 .text._svfprintf_r
                0x0000000008001450      0x1e4 /usr/bin/../lib/gcc/arm-none-eabi/4.9.3/../../../../arm-none-eabi/lib/armv7-m/libg_nano.a(lib_a-nano-svfprintf.o)
                0x0000000008001450                _svfprintf_r
                0x0000000008001450                _svfiprintf_r
 .text._printf_common
                0x0000000008001634       0xea /usr/bin/../lib/gcc/arm-none-eabi/4.9.3/../../../../arm-none-eabi/lib/armv7-m/libg_nano.a(lib_a-nano-vfprintf_i.o)
                0x0000000008001634                _printf_common
 *fill*         0x000000000800171e        0x2 
 .text._printf_i
                0x0000000008001720      0x240 /usr/bin/../lib/gcc/arm-none-eabi/4.9.3/../../../../arm-none-eabi/lib/armv7-m/libg_nano.a(lib_a-nano-vfprintf_i.o)
                0x0000000008001720                _printf_i
 .text.memchr   0x0000000008001960       0x1c /usr/bin/../lib/gcc/arm-none-eabi/4.9.3/../../../../arm-none-eabi/lib/armv7-m/libg_nano.a(lib_a-memchr.o)
                0x0000000008001960                memchr
 .text.memcpy   0x000000000800197c       0x16 /usr/bin/../lib/gcc/arm-none-eabi/4.9.3/../../../../arm-none-eabi/lib/armv7-m/libg_nano.a(lib_a-memcpy.o)
                0x000000000800197c                memcpy
 .text.memmove  0x0000000008001992       0x36 /usr/bin/../lib/gcc/arm-none-eabi/4.9.3/../../../../arm-none-eabi/lib/armv7-m/libg_nano.a(lib_a-memmove.o)
                0x0000000008001992                memmove
 .text._free_r  0x00000000080019c8       0x88 /usr/bin/../lib/gcc/arm-none-eabi/4.9.3/../../../../arm-none-eabi/lib/armv7-m/libg_nano.a(lib_a-nano-freer.o)
                0x00000000080019c8                _free_r
 .text._malloc_r
                0x0000000008001a50       0xac /usr/bin/../lib/gcc/arm-none-eabi/4.9.3/../../../../arm-none-eabi/lib/armv7-m/libg_nano.a(lib_a-nano-mallocr.o)
                0x0000000008001a50                _malloc_r
 .text._realloc_r
                0x0000000008001afc       0x4c /usr/bin/../lib/gcc/arm-none-eabi/4.9.3/../../../../arm-none-eabi/lib/armv7-m/libg_nano.a(lib_a-nano-reallocr.o)
                0x0000000008001afc                _realloc_r
 .text._sbrk_r  0x0000000008001b48       0x20 /usr/bin/../lib/gcc/arm-none-eabi/4.9.3/../../../../arm-none-eabi/lib/armv7-m/libg_nano.a(lib_a-sbrkr.o)
                0x0000000008001b48                _sbrk_r
 .text._malloc_usable_size_r
                0x0000000008001b68       0x14 /usr/bin/../lib/gcc/arm-none-eabi/4.9.3/../../../../arm-none-eabi/lib/armv7-m/libg_nano.a(lib_a-nano-msizer.o)
                0x0000000008001b68                _malloc_usable_size_r
 *(.rodata .rodata.*)
 .rodata.str1.4
                0x0000000008001b7c       0x30 ./system/src/stm32f1-stdperiph/stm32f10x_adc.o
 .rodata.str1.4
                0x0000000008001bac       0x31 ./system/src/stm32f1-stdperiph/stm32f10x_gpio.o
                                         0x34 (size before relaxing)
 *fill*         0x0000000008001bdd        0x3 
 .rodata.str1.4
                0x0000000008001be0       0x30 ./system/src/stm32f1-stdperiph/stm32f10x_rcc.o
 .rodata.str1.4
                0x0000000008001c10       0x14 ./system/src/newlib/_exit.o
 .rodata.str1.4
                0x0000000008001c24       0x6b ./system/src/newlib/assert.o
                                         0x70 (size before relaxing)
 *fill*         0x0000000008001c8f        0x1 
 .rodata.str1.4
                0x0000000008001c90       0x29 ./system/src/diag/Trace.o
                                         0x30 (size before relaxing)
 *fill*         0x0000000008001cb9        0x3 
 .rodata.str1.4
                0x0000000008001cbc      0x146 ./system/src/cortexm/exception_handlers.o
                                        0x148 (size before relaxing)
 *fill*         0x0000000008001e02        0x2 
 .rodata        0x0000000008001e04       0x10 ./src/main.o
 .rodata.str1.4
                0x0000000008001e14       0x3c ./src/main.o
 .rodata.str1.1
                0x0000000008001e50        0x2 /usr/bin/../lib/gcc/arm-none-eabi/4.9.3/../../../../arm-none-eabi/lib/armv7-m/libg_nano.a(lib_a-impure.o)
 .rodata.str1.1
                0x0000000008001e52       0x11 /usr/bin/../lib/gcc/arm-none-eabi/4.9.3/../../../../arm-none-eabi/lib/armv7-m/libg_nano.a(lib_a-nano-svfprintf.o)
 .rodata.str1.1
                0x0000000008001e63       0x22 /usr/bin/../lib/gcc/arm-none-eabi/4.9.3/../../../../arm-none-eabi/lib/armv7-m/libg_nano.a(lib_a-nano-vfprintf_i.o)
 *(vtable)
 *(.eh_frame*)
 *(.glue_7)
 .glue_7        0x0000000000000000        0x0 linker stubs
 *(.glue_7t)
 .glue_7t       0x0000000000000000        0x0 linker stubs

.vfp11_veneer   0x0000000008001e88        0x0
 .vfp11_veneer  0x0000000000000000        0x0 linker stubs

.v4_bx          0x0000000008001e88        0x0
 .v4_bx         0x0000000000000000        0x0 linker stubs

.iplt           0x0000000008001e88        0x0
 .iplt          0x0000000000000000        0x0 ./system/src/stm32f1-stdperiph/misc.o

.rel.dyn        0x0000000008001e88        0x0
 .rel.iplt      0x0000000000000000        0x0 ./system/src/stm32f1-stdperiph/misc.o

.ARM.extab
 *(.ARM.extab* .gnu.linkonce.armextab.*)
                0x0000000008001e88                __exidx_start = .

.ARM.exidx
 *(.ARM.exidx* .gnu.linkonce.armexidx.*)
                0x0000000008001e88                __exidx_end = .
                0x0000000008001e88                . = ALIGN (0x4)
                0x0000000008001e88                _etext = .
                0x0000000008001e88                __etext = .
                0x0000000008001e88                _sidata = _etext

.data           0x0000000020000000       0x9c load address 0x0000000008001e88
                0x0000000020000000                . = ALIGN (0x4)
                0x0000000020000000                _sdata = .
                0x0000000020000000                __data_start__ = .
 *(.data_begin .data_begin.*)
 .data_begin    0x0000000020000000        0x4 ./system/src/newlib/_startup.o
 *(.data .data.*)
 .data.ADCPrescTable
                0x0000000020000004        0x4 ./system/src/stm32f1-stdperiph/stm32f10x_rcc.o
 .data.APBAHBPrescTable
                0x0000000020000008       0x10 ./system/src/stm32f1-stdperiph/stm32f10x_rcc.o
 .data.argv.4062
                0x0000000020000018        0x8 ./system/src/newlib/_syscalls.o
 .data.AHBPrescTable
                0x0000000020000020       0x10 ./system/src/cmsis/system_stm32f10x.o
                0x0000000020000020                AHBPrescTable
 .data.SystemCoreClock
                0x0000000020000030        0x4 ./system/src/cmsis/system_stm32f10x.o
                0x0000000020000030                SystemCoreClock
 .data.impure_data
                0x0000000020000034       0x60 /usr/bin/../lib/gcc/arm-none-eabi/4.9.3/../../../../arm-none-eabi/lib/armv7-m/libg_nano.a(lib_a-impure.o)
 .data._impure_ptr
                0x0000000020000094        0x4 /usr/bin/../lib/gcc/arm-none-eabi/4.9.3/../../../../arm-none-eabi/lib/armv7-m/libg_nano.a(lib_a-impure.o)
                0x0000000020000094                _impure_ptr
 *(.data_end .data_end.*)
 .data_end      0x0000000020000098        0x4 ./system/src/newlib/_startup.o
                0x000000002000009c                . = ALIGN (0x4)
                0x000000002000009c                _edata = .
                0x000000002000009c                __data_end__ = .

.igot.plt       0x000000002000009c        0x0 load address 0x0000000008001f24
 .igot.plt      0x0000000000000000        0x0 ./system/src/stm32f1-stdperiph/misc.o

.bss            0x000000002000009c       0xbc load address 0x0000000008001f24
                0x000000002000009c                . = ALIGN (0x4)
                0x000000002000009c                __bss_start__ = .
                0x000000002000009c                _sbss = .
 *(.bss_begin .bss_begin.*)
 .bss_begin     0x000000002000009c        0x4 ./system/src/newlib/_startup.o
 *(.bss .bss.*)
 .bss.current_heap_end.3856
                0x00000000200000a0        0x4 ./system/src/newlib/_sbrk.o
 .bss.name.4061
                0x00000000200000a4        0x4 ./system/src/newlib/_syscalls.o
 .bss.buf.4992  0x00000000200000a8       0x80 ./system/src/diag/Trace.o
 .bss._ZN5Timer13ms_delayCountE
                0x0000000020000128        0x4 ./src/Timer.o
                0x0000000020000128                Timer::ms_delayCount
 .bss.ADC_InitStructure
                0x000000002000012c       0x14 ./src/main.o
                0x000000002000012c                ADC_InitStructure
 .bss._ZL7usTicks
                0x0000000020000140        0x4 ./src/main.o
 .bss.GPIO_InitStructure
                0x0000000020000144        0x4 ./src/main.o
                0x0000000020000144                GPIO_InitStructure
 .bss.__malloc_sbrk_start
                0x0000000020000148        0x4 /usr/bin/../lib/gcc/arm-none-eabi/4.9.3/../../../../arm-none-eabi/lib/armv7-m/libg_nano.a(lib_a-nano-mallocr.o)
                0x0000000020000148                __malloc_sbrk_start
 .bss.__malloc_free_list
                0x000000002000014c        0x4 /usr/bin/../lib/gcc/arm-none-eabi/4.9.3/../../../../arm-none-eabi/lib/armv7-m/libg_nano.a(lib_a-nano-mallocr.o)
                0x000000002000014c                __malloc_free_list
 *(COMMON)
 COMMON         0x0000000020000150        0x4 ./system/src/newlib/_syscalls.o
                0x0000000020000150                errno
 *(.bss_end .bss_end.*)
 .bss_end       0x0000000020000154        0x4 ./system/src/newlib/_startup.o
                0x0000000020000158                . = ALIGN (0x4)
                0x0000000020000158                __bss_end__ = .
                0x0000000020000158                _ebss = .

.noinit         0x0000000020000158        0x0
                0x0000000020000158                . = ALIGN (0x4)
                0x0000000020000158                _noinit = .
 *(.noinit .noinit.*)
                0x0000000020000158                . = ALIGN (0x4)
                0x0000000020000158                _end_noinit = .
                0x0000000020000158                PROVIDE (end, _end_noinit)
                0x0000000020000158                PROVIDE (_end, _end_noinit)
                0x0000000020000158                PROVIDE (__end, _end_noinit)
                0x0000000020000158                PROVIDE (__end__, _end_noinit)

._check_stack   0x0000000020000158      0x100 load address 0x0000000008001fe0
                0x0000000020000158                . = ALIGN (0x4)
                0x0000000020000258                . = (. + _Minimum_Stack_Size)
 *fill*         0x0000000020000158      0x100 
                0x0000000020000258                . = ALIGN (0x4)

.bss_CCMRAM
 *(.bss.CCMRAM .bss.CCMRAM.*)

.b1text
 *(.b1text)
 *(.b1rodata)
 *(.b1rodata.*)

.eb0text
 *(.eb0text)
 *(.eb0rodata)
 *(.eb0rodata.*)

.eb1text
 *(.eb1text)
 *(.eb1rodata)
 *(.eb1rodata.*)

.eb2text
 *(.eb2text)
 *(.eb2rodata)
 *(.eb2rodata.*)

.eb3text
 *(.eb3text)
 *(.eb3rodata)
 *(.eb3rodata.*)

.stab
 *(.stab)

.stabstr
 *(.stabstr)

.stab.excl
 *(.stab.excl)

.stab.exclstr
 *(.stab.exclstr)

.stab.index
 *(.stab.index)

.stab.indexstr
 *(.stab.indexstr)

.comment        0x0000000000000000       0x70
 *(.comment)
 .comment       0x0000000000000000       0x70 ./system/src/stm32f1-stdperiph/stm32f10x_adc.o
                                         0x71 (size before relaxing)
 .comment       0x0000000000000000       0x71 ./system/src/stm32f1-stdperiph/stm32f10x_gpio.o
 .comment       0x0000000000000000       0x71 ./system/src/stm32f1-stdperiph/stm32f10x_rcc.o
 .comment       0x0000000000000000       0x71 ./system/src/newlib/_exit.o
 .comment       0x0000000000000000       0x71 ./system/src/newlib/_sbrk.o
 .comment       0x0000000000000000       0x71 ./system/src/newlib/_startup.o
 .comment       0x0000000000000000       0x71 ./system/src/newlib/_syscalls.o
 .comment       0x0000000000000000       0x71 ./system/src/newlib/assert.o
 .comment       0x0000000000000000       0x71 ./system/src/diag/Trace.o
 .comment       0x0000000000000000       0x71 ./system/src/diag/trace_impl.o
 .comment       0x0000000000000000       0x71 ./system/src/cortexm/_initialize_hardware.o
 .comment       0x0000000000000000       0x71 ./system/src/cortexm/exception_handlers.o
 .comment       0x0000000000000000       0x71 ./system/src/cmsis/system_stm32f10x.o
 .comment       0x0000000000000000       0x71 ./system/src/cmsis/vectors_stm32f10x.o
 .comment       0x0000000000000000       0x71 ./src/Timer.o
 .comment       0x0000000000000000       0x71 ./src/main.o

.ARM.attributes
                0x0000000000000000       0x33
 .ARM.attributes
                0x0000000000000000       0x33 ./system/src/stm32f1-stdperiph/stm32f10x_adc.o
 .ARM.attributes
                0x0000000000000033       0x33 ./system/src/stm32f1-stdperiph/stm32f10x_gpio.o
 .ARM.attributes
                0x0000000000000066       0x33 ./system/src/stm32f1-stdperiph/stm32f10x_rcc.o
 .ARM.attributes
                0x0000000000000099       0x33 ./system/src/newlib/_exit.o
 .ARM.attributes
                0x00000000000000cc       0x33 ./system/src/newlib/_sbrk.o
 .ARM.attributes
                0x00000000000000ff       0x33 ./system/src/newlib/_startup.o
 .ARM.attributes
                0x0000000000000132       0x33 ./system/src/newlib/_syscalls.o
 .ARM.attributes
                0x0000000000000165       0x33 ./system/src/newlib/assert.o
 .ARM.attributes
                0x0000000000000198       0x33 ./system/src/diag/Trace.o
 .ARM.attributes
                0x00000000000001cb       0x33 ./system/src/diag/trace_impl.o
 .ARM.attributes
                0x00000000000001fe       0x33 ./system/src/cortexm/_initialize_hardware.o
 .ARM.attributes
                0x0000000000000231       0x33 ./system/src/cortexm/exception_handlers.o
 .ARM.attributes
                0x0000000000000264       0x33 ./system/src/cmsis/system_stm32f10x.o
 .ARM.attributes
                0x0000000000000297       0x33 ./system/src/cmsis/vectors_stm32f10x.o
 .ARM.attributes
                0x00000000000002ca       0x33 ./src/Timer.o
 .ARM.attributes
                0x00000000000002fd       0x33 ./src/main.o
 .ARM.attributes
                0x0000000000000330       0x2d /usr/bin/../lib/gcc/arm-none-eabi/4.9.3/../../../../arm-none-eabi/lib/armv7-m/libg_nano.a(lib_a-errno.o)
 .ARM.attributes
                0x000000000000035d       0x2d /usr/bin/../lib/gcc/arm-none-eabi/4.9.3/../../../../arm-none-eabi/lib/armv7-m/libg_nano.a(lib_a-impure.o)
 .ARM.attributes
                0x000000000000038a       0x2d /usr/bin/../lib/gcc/arm-none-eabi/4.9.3/../../../../arm-none-eabi/lib/armv7-m/libg_nano.a(lib_a-strlen.o)
 .ARM.attributes
                0x00000000000003b7       0x2d /usr/bin/../lib/gcc/arm-none-eabi/4.9.3/../../../../arm-none-eabi/lib/armv7-m/libg_nano.a(lib_a-vsnprintf.o)
 .ARM.attributes
                0x00000000000003e4       0x2d /usr/bin/../lib/gcc/arm-none-eabi/4.9.3/../../../../arm-none-eabi/lib/armv7-m/libg_nano.a(lib_a-nano-svfprintf.o)
 .ARM.attributes
                0x0000000000000411       0x2d /usr/bin/../lib/gcc/arm-none-eabi/4.9.3/../../../../arm-none-eabi/lib/armv7-m/libg_nano.a(lib_a-nano-vfprintf_i.o)
 .ARM.attributes
                0x000000000000043e       0x2d /usr/bin/../lib/gcc/arm-none-eabi/4.9.3/../../../../arm-none-eabi/lib/armv7-m/libg_nano.a(lib_a-memchr.o)
 .ARM.attributes
                0x000000000000046b       0x2d /usr/bin/../lib/gcc/arm-none-eabi/4.9.3/../../../../arm-none-eabi/lib/armv7-m/libg_nano.a(lib_a-memcpy.o)
 .ARM.attributes
                0x0000000000000498       0x2d /usr/bin/../lib/gcc/arm-none-eabi/4.9.3/../../../../arm-none-eabi/lib/armv7-m/libg_nano.a(lib_a-memmove.o)
 .ARM.attributes
                0x00000000000004c5       0x2d /usr/bin/../lib/gcc/arm-none-eabi/4.9.3/../../../../arm-none-eabi/lib/armv7-m/libg_nano.a(lib_a-nano-freer.o)
 .ARM.attributes
                0x00000000000004f2       0x2d /usr/bin/../lib/gcc/arm-none-eabi/4.9.3/../../../../arm-none-eabi/lib/armv7-m/libg_nano.a(lib_a-nano-mallocr.o)
 .ARM.attributes
                0x000000000000051f       0x2d /usr/bin/../lib/gcc/arm-none-eabi/4.9.3/../../../../arm-none-eabi/lib/armv7-m/libg_nano.a(lib_a-nano-reallocr.o)
 .ARM.attributes
                0x000000000000054c       0x2d /usr/bin/../lib/gcc/arm-none-eabi/4.9.3/../../../../arm-none-eabi/lib/armv7-m/libg_nano.a(lib_a-sbrkr.o)
 .ARM.attributes
                0x0000000000000579       0x2d /usr/bin/../lib/gcc/arm-none-eabi/4.9.3/../../../../arm-none-eabi/lib/armv7-m/libg_nano.a(lib_a-nano-msizer.o)

.debug
 *(.debug)

.line
 *(.line)

.debug_srcinfo
 *(.debug_srcinfo)

.debug_sfnames
 *(.debug_sfnames)

.debug_aranges  0x0000000000000000      0x5d8
 *(.debug_aranges)
 .debug_aranges
                0x0000000000000000      0x138 ./system/src/stm32f1-stdperiph/stm32f10x_adc.o
 .debug_aranges
                0x0000000000000138       0xa8 ./system/src/stm32f1-stdperiph/stm32f10x_gpio.o
 .debug_aranges
                0x00000000000001e0      0x118 ./system/src/stm32f1-stdperiph/stm32f10x_rcc.o
 .debug_aranges
                0x00000000000002f8       0x28 ./system/src/newlib/_exit.o
 .debug_aranges
                0x0000000000000320       0x20 ./system/src/newlib/_sbrk.o
 .debug_aranges
                0x0000000000000340       0x40 ./system/src/newlib/_startup.o
 .debug_aranges
                0x0000000000000380       0x30 ./system/src/newlib/_syscalls.o
 .debug_aranges
                0x00000000000003b0       0x28 ./system/src/newlib/assert.o
 .debug_aranges
                0x00000000000003d8       0x38 ./system/src/diag/Trace.o
 .debug_aranges
                0x0000000000000410       0x30 ./system/src/diag/trace_impl.o
 .debug_aranges
                0x0000000000000440       0x28 ./system/src/cortexm/_initialize_hardware.o
 .debug_aranges
                0x0000000000000468       0x90 ./system/src/cortexm/exception_handlers.o
 .debug_aranges
                0x00000000000004f8       0x38 ./system/src/cmsis/system_stm32f10x.o
 .debug_aranges
                0x0000000000000530       0x20 ./system/src/cmsis/vectors_stm32f10x.o
 .debug_aranges
                0x0000000000000550       0x28 ./src/Timer.o
 .debug_aranges
                0x0000000000000578       0x60 ./src/main.o

.debug_pubnames
 *(.debug_pubnames)

.debug_info     0x0000000000000000     0x5eef
 *(.debug_info .gnu.linkonce.wi.*)
 .debug_info    0x0000000000000000     0x1436 ./system/src/stm32f1-stdperiph/stm32f10x_adc.o
 .debug_info    0x0000000000001436      0xbd4 ./system/src/stm32f1-stdperiph/stm32f10x_gpio.o
 .debug_info    0x000000000000200a      0xc6b ./system/src/stm32f1-stdperiph/stm32f10x_rcc.o
 .debug_info    0x0000000000002c75      0x100 ./system/src/newlib/_exit.o
 .debug_info    0x0000000000002d75      0x125 ./system/src/newlib/_sbrk.o
 .debug_info    0x0000000000002e9a      0x474 ./system/src/newlib/_startup.o
 .debug_info    0x000000000000330e      0x1a9 ./system/src/newlib/_syscalls.o
 .debug_info    0x00000000000034b7      0x1b0 ./system/src/newlib/assert.o
 .debug_info    0x0000000000003667      0x32b ./system/src/diag/Trace.o
 .debug_info    0x0000000000003992      0x304 ./system/src/diag/trace_impl.o
 .debug_info    0x0000000000003c96       0xdf ./system/src/cortexm/_initialize_hardware.o
 .debug_info    0x0000000000003d75      0x8cd ./system/src/cortexm/exception_handlers.o
 .debug_info    0x0000000000004642      0x474 ./system/src/cmsis/system_stm32f10x.o
 .debug_info    0x0000000000004ab6       0xd1 ./system/src/cmsis/vectors_stm32f10x.o
 .debug_info    0x0000000000004b87      0x1a0 ./src/Timer.o
 .debug_info    0x0000000000004d27     0x11c8 ./src/main.o

.debug_abbrev   0x0000000000000000     0x18d6
 *(.debug_abbrev)
 .debug_abbrev  0x0000000000000000      0x1e1 ./system/src/stm32f1-stdperiph/stm32f10x_adc.o
 .debug_abbrev  0x00000000000001e1      0x1f9 ./system/src/stm32f1-stdperiph/stm32f10x_gpio.o
 .debug_abbrev  0x00000000000003da      0x1ff ./system/src/stm32f1-stdperiph/stm32f10x_rcc.o
 .debug_abbrev  0x00000000000005d9       0xa4 ./system/src/newlib/_exit.o
 .debug_abbrev  0x000000000000067d       0xbb ./system/src/newlib/_sbrk.o
 .debug_abbrev  0x0000000000000738      0x1e9 ./system/src/newlib/_startup.o
 .debug_abbrev  0x0000000000000921       0xe7 ./system/src/newlib/_syscalls.o
 .debug_abbrev  0x0000000000000a08       0xc9 ./system/src/newlib/assert.o
 .debug_abbrev  0x0000000000000ad1      0x178 ./system/src/diag/Trace.o
 .debug_abbrev  0x0000000000000c49      0x1bd ./system/src/diag/trace_impl.o
 .debug_abbrev  0x0000000000000e06       0x88 ./system/src/cortexm/_initialize_hardware.o
 .debug_abbrev  0x0000000000000e8e      0x23e ./system/src/cortexm/exception_handlers.o
 .debug_abbrev  0x00000000000010cc      0x157 ./system/src/cmsis/system_stm32f10x.o
 .debug_abbrev  0x0000000000001223       0x9d ./system/src/cmsis/vectors_stm32f10x.o
 .debug_abbrev  0x00000000000012c0      0x181 ./src/Timer.o
 .debug_abbrev  0x0000000000001441      0x495 ./src/main.o

.debug_line     0x0000000000000000     0x435a
 *(.debug_line)
 .debug_line    0x0000000000000000      0xa90 ./system/src/stm32f1-stdperiph/stm32f10x_adc.o
 .debug_line    0x0000000000000a90      0x8a9 ./system/src/stm32f1-stdperiph/stm32f10x_gpio.o
 .debug_line    0x0000000000001339      0x7f3 ./system/src/stm32f1-stdperiph/stm32f10x_rcc.o
 .debug_line    0x0000000000001b2c      0x1f1 ./system/src/newlib/_exit.o
 .debug_line    0x0000000000001d1d      0x194 ./system/src/newlib/_sbrk.o
 .debug_line    0x0000000000001eb1      0x252 ./system/src/newlib/_startup.o
 .debug_line    0x0000000000002103      0x26e ./system/src/newlib/_syscalls.o
 .debug_line    0x0000000000002371      0x228 ./system/src/newlib/assert.o
 .debug_line    0x0000000000002599      0x24c ./system/src/diag/Trace.o
 .debug_line    0x00000000000027e5      0x4c4 ./system/src/diag/trace_impl.o
 .debug_line    0x0000000000002ca9      0x32f ./system/src/cortexm/_initialize_hardware.o
 .debug_line    0x0000000000002fd8      0x57e ./system/src/cortexm/exception_handlers.o
 .debug_line    0x0000000000003556      0x390 ./system/src/cmsis/system_stm32f10x.o
 .debug_line    0x00000000000038e6       0xd4 ./system/src/cmsis/vectors_stm32f10x.o
 .debug_line    0x00000000000039ba      0x359 ./src/Timer.o
 .debug_line    0x0000000000003d13      0x647 ./src/main.o

.debug_frame    0x0000000000000000     0x1144
 *(.debug_frame)
 .debug_frame   0x0000000000000000      0x3d8 ./system/src/stm32f1-stdperiph/stm32f10x_adc.o
 .debug_frame   0x00000000000003d8      0x1e8 ./system/src/stm32f1-stdperiph/stm32f10x_gpio.o
 .debug_frame   0x00000000000005c0      0x31c ./system/src/stm32f1-stdperiph/stm32f10x_rcc.o
 .debug_frame   0x00000000000008dc       0x38 ./system/src/newlib/_exit.o
 .debug_frame   0x0000000000000914       0x28 ./system/src/newlib/_sbrk.o
 .debug_frame   0x000000000000093c       0x7c ./system/src/newlib/_startup.o
 .debug_frame   0x00000000000009b8       0x50 ./system/src/newlib/_syscalls.o
 .debug_frame   0x0000000000000a08       0x40 ./system/src/newlib/assert.o
 .debug_frame   0x0000000000000a48       0x94 ./system/src/diag/Trace.o
 .debug_frame   0x0000000000000adc       0x60 ./system/src/diag/trace_impl.o
 .debug_frame   0x0000000000000b3c       0x40 ./system/src/cortexm/_initialize_hardware.o
 .debug_frame   0x0000000000000b7c      0x158 ./system/src/cortexm/exception_handlers.o
 .debug_frame   0x0000000000000cd4       0x68 ./system/src/cmsis/system_stm32f10x.o
 .debug_frame   0x0000000000000d3c       0x20 ./system/src/cmsis/vectors_stm32f10x.o
 .debug_frame   0x0000000000000d5c       0x30 ./src/Timer.o
 .debug_frame   0x0000000000000d8c       0xec ./src/main.o
 .debug_frame   0x0000000000000e78       0x20 /usr/bin/../lib/gcc/arm-none-eabi/4.9.3/../../../../arm-none-eabi/lib/armv7-m/libg_nano.a(lib_a-errno.o)
 .debug_frame   0x0000000000000e98       0x20 /usr/bin/../lib/gcc/arm-none-eabi/4.9.3/../../../../arm-none-eabi/lib/armv7-m/libg_nano.a(lib_a-strlen.o)
 .debug_frame   0x0000000000000eb8       0x50 /usr/bin/../lib/gcc/arm-none-eabi/4.9.3/../../../../arm-none-eabi/lib/armv7-m/libg_nano.a(lib_a-vsnprintf.o)
 .debug_frame   0x0000000000000f08       0x8c /usr/bin/../lib/gcc/arm-none-eabi/4.9.3/../../../../arm-none-eabi/lib/armv7-m/libg_nano.a(lib_a-nano-svfprintf.o)
 .debug_frame   0x0000000000000f94       0x58 /usr/bin/../lib/gcc/arm-none-eabi/4.9.3/../../../../arm-none-eabi/lib/armv7-m/libg_nano.a(lib_a-nano-vfprintf_i.o)
 .debug_frame   0x0000000000000fec       0x28 /usr/bin/../lib/gcc/arm-none-eabi/4.9.3/../../../../arm-none-eabi/lib/armv7-m/libg_nano.a(lib_a-memchr.o)
 .debug_frame   0x0000000000001014       0x28 /usr/bin/../lib/gcc/arm-none-eabi/4.9.3/../../../../arm-none-eabi/lib/armv7-m/libg_nano.a(lib_a-memcpy.o)
 .debug_frame   0x000000000000103c       0x28 /usr/bin/../lib/gcc/arm-none-eabi/4.9.3/../../../../arm-none-eabi/lib/armv7-m/libg_nano.a(lib_a-memmove.o)
 .debug_frame   0x0000000000001064       0x2c /usr/bin/../lib/gcc/arm-none-eabi/4.9.3/../../../../arm-none-eabi/lib/armv7-m/libg_nano.a(lib_a-nano-freer.o)
 .debug_frame   0x0000000000001090       0x2c /usr/bin/../lib/gcc/arm-none-eabi/4.9.3/../../../../arm-none-eabi/lib/armv7-m/libg_nano.a(lib_a-nano-mallocr.o)
 .debug_frame   0x00000000000010bc       0x3c /usr/bin/../lib/gcc/arm-none-eabi/4.9.3/../../../../arm-none-eabi/lib/armv7-m/libg_nano.a(lib_a-nano-reallocr.o)
 .debug_frame   0x00000000000010f8       0x2c /usr/bin/../lib/gcc/arm-none-eabi/4.9.3/../../../../arm-none-eabi/lib/armv7-m/libg_nano.a(lib_a-sbrkr.o)
 .debug_frame   0x0000000000001124       0x20 /usr/bin/../lib/gcc/arm-none-eabi/4.9.3/../../../../arm-none-eabi/lib/armv7-m/libg_nano.a(lib_a-nano-msizer.o)

.debug_str      0x0000000000000000    0x56ed0
 *(.debug_str)
 .debug_str     0x0000000000000000    0x4e8d1 ./system/src/stm32f1-stdperiph/stm32f10x_adc.o
                                      0x4ea98 (size before relaxing)
 .debug_str     0x000000000004e8d1      0x575 ./system/src/stm32f1-stdperiph/stm32f10x_gpio.o
                                      0x4e4bc (size before relaxing)
 .debug_str     0x000000000004ee46      0xb38 ./system/src/stm32f1-stdperiph/stm32f10x_rcc.o
                                      0x4ea8b (size before relaxing)
 .debug_str     0x000000000004f97e     0x37d3 ./system/src/newlib/_exit.o
                                       0x5dda (size before relaxing)
 .debug_str     0x0000000000053151      0x4de ./system/src/newlib/_sbrk.o
                                       0x454c (size before relaxing)
 .debug_str     0x000000000005362f      0x260 ./system/src/newlib/_startup.o
                                       0x4122 (size before relaxing)
 .debug_str     0x000000000005388f      0xc2d ./system/src/newlib/_syscalls.o
                                       0x5fff (size before relaxing)
 .debug_str     0x00000000000544bc       0xd5 ./system/src/newlib/assert.o
                                       0x68df (size before relaxing)
 .debug_str     0x0000000000054591      0x9ac ./system/src/diag/Trace.o
                                       0x66eb (size before relaxing)
 .debug_str     0x0000000000054f3d      0x378 ./system/src/diag/trace_impl.o
                                      0x50d62 (size before relaxing)
 .debug_str     0x00000000000552b5       0x4e ./system/src/cortexm/_initialize_hardware.o
                                      0x4df27 (size before relaxing)
 .debug_str     0x0000000000055303      0x1e8 ./system/src/cortexm/exception_handlers.o
                                      0x51af3 (size before relaxing)
 .debug_str     0x00000000000554eb       0xa6 ./system/src/cmsis/system_stm32f10x.o
                                      0x4e050 (size before relaxing)
 .debug_str     0x0000000000055591       0x57 ./system/src/cmsis/vectors_stm32f10x.o
                                       0x3040 (size before relaxing)
 .debug_str     0x00000000000555e8      0x49a ./src/Timer.o
                                      0x4e1a7 (size before relaxing)
 .debug_str     0x0000000000055a82     0x144e ./src/main.o
                                      0x539fc (size before relaxing)

.debug_loc      0x0000000000000000     0x2cde
 *(.debug_loc)
 .debug_loc     0x0000000000000000     0x101b ./system/src/stm32f1-stdperiph/stm32f10x_adc.o
 .debug_loc     0x000000000000101b      0x773 ./system/src/stm32f1-stdperiph/stm32f10x_gpio.o
 .debug_loc     0x000000000000178e      0x98f ./system/src/stm32f1-stdperiph/stm32f10x_rcc.o
 .debug_loc     0x000000000000211d       0x82 ./system/src/newlib/_sbrk.o
 .debug_loc     0x000000000000219f      0x265 ./system/src/newlib/_startup.o
 .debug_loc     0x0000000000002404       0x63 ./system/src/newlib/_syscalls.o
 .debug_loc     0x0000000000002467       0xec ./system/src/newlib/assert.o
 .debug_loc     0x0000000000002553       0xf7 ./system/src/diag/Trace.o
 .debug_loc     0x000000000000264a      0x17c ./system/src/diag/trace_impl.o
 .debug_loc     0x00000000000027c6      0x2a8 ./system/src/cortexm/exception_handlers.o
 .debug_loc     0x0000000000002a6e       0xe4 ./system/src/cmsis/system_stm32f10x.o
 .debug_loc     0x0000000000002b52      0x18c ./src/main.o

.debug_macinfo
 *(.debug_macinfo)

.debug_weaknames
 *(.debug_weaknames)

.debug_funcnames
 *(.debug_funcnames)

.debug_typenames
 *(.debug_typenames)

.debug_varnames
 *(.debug_varnames)
OUTPUT(testcppled2.elf elf32-littlearm)

.debug_ranges   0x0000000000000000      0x520
 .debug_ranges  0x0000000000000000      0x128 ./system/src/stm32f1-stdperiph/stm32f10x_adc.o
 .debug_ranges  0x0000000000000128       0x98 ./system/src/stm32f1-stdperiph/stm32f10x_gpio.o
 .debug_ranges  0x00000000000001c0      0x108 ./system/src/stm32f1-stdperiph/stm32f10x_rcc.o
 .debug_ranges  0x00000000000002c8       0x18 ./system/src/newlib/_exit.o
 .debug_ranges  0x00000000000002e0       0x10 ./system/src/newlib/_sbrk.o
 .debug_ranges  0x00000000000002f0       0x48 ./system/src/newlib/_startup.o
 .debug_ranges  0x0000000000000338       0x20 ./system/src/newlib/_syscalls.o
 .debug_ranges  0x0000000000000358       0x18 ./system/src/newlib/assert.o
 .debug_ranges  0x0000000000000370       0x28 ./system/src/diag/Trace.o
 .debug_ranges  0x0000000000000398       0x38 ./system/src/diag/trace_impl.o
 .debug_ranges  0x00000000000003d0       0x18 ./system/src/cortexm/_initialize_hardware.o
 .debug_ranges  0x00000000000003e8       0x98 ./system/src/cortexm/exception_handlers.o
 .debug_ranges  0x0000000000000480       0x28 ./system/src/cmsis/system_stm32f10x.o
 .debug_ranges  0x00000000000004a8       0x10 ./system/src/cmsis/vectors_stm32f10x.o
 .debug_ranges  0x00000000000004b8       0x18 ./src/Timer.o
 .debug_ranges  0x00000000000004d0       0x50 ./src/main.o

.debug_macro    0x0000000000000000     0x43cf
 .debug_macro   0x0000000000000000      0x25a ./system/src/stm32f1-stdperiph/stm32f10x_adc.o
 .debug_macro   0x000000000000025a      0x13e ./system/src/stm32f1-stdperiph/stm32f10x_adc.o
 .debug_macro   0x0000000000000398       0x8b ./system/src/stm32f1-stdperiph/stm32f10x_adc.o
 .debug_macro   0x0000000000000423      0x1aa ./system/src/stm32f1-stdperiph/stm32f10x_gpio.o
 .debug_macro   0x00000000000005cd      0x2a6 ./system/src/stm32f1-stdperiph/stm32f10x_gpio.o
 .debug_macro   0x0000000000000873      0x278 ./system/src/stm32f1-stdperiph/stm32f10x_rcc.o
 .debug_macro   0x0000000000000aeb      0x3dc ./system/src/stm32f1-stdperiph/stm32f10x_rcc.o
 .debug_macro   0x0000000000000ec7      0x128 ./system/src/newlib/_exit.o
 .debug_macro   0x0000000000000fef       0x9c ./system/src/newlib/_exit.o
 .debug_macro   0x000000000000108b      0x10e ./system/src/newlib/_exit.o
 .debug_macro   0x0000000000001199       0x86 ./system/src/newlib/_exit.o
 .debug_macro   0x000000000000121f       0x43 ./system/src/newlib/_exit.o
 .debug_macro   0x0000000000001262      0x27a ./system/src/newlib/_exit.o
 .debug_macro   0x00000000000014dc       0x35 ./system/src/newlib/_exit.o
 .debug_macro   0x0000000000001511       0xd1 ./system/src/newlib/_sbrk.o
 .debug_macro   0x00000000000015e2       0x19 ./system/src/newlib/_sbrk.o
 .debug_macro   0x00000000000015fb      0x16d ./system/src/newlib/_sbrk.o
 .debug_macro   0x0000000000001768       0x10 ./system/src/newlib/_sbrk.o
 .debug_macro   0x0000000000001778      0x23b ./system/src/newlib/_sbrk.o
 .debug_macro   0x00000000000019b3       0xdb ./system/src/newlib/_startup.o
 .debug_macro   0x0000000000001a8e      0x17c ./system/src/newlib/_syscalls.o
 .debug_macro   0x0000000000001c0a       0x1c ./system/src/newlib/_syscalls.o
 .debug_macro   0x0000000000001c26       0x10 ./system/src/newlib/_syscalls.o
 .debug_macro   0x0000000000001c36       0x10 ./system/src/newlib/_syscalls.o
 .debug_macro   0x0000000000001c46       0x10 ./system/src/newlib/_syscalls.o
 .debug_macro   0x0000000000001c56       0x35 ./system/src/newlib/_syscalls.o
 .debug_macro   0x0000000000001c8b      0x121 ./system/src/newlib/_syscalls.o
 .debug_macro   0x0000000000001dac       0x22 ./system/src/newlib/_syscalls.o
 .debug_macro   0x0000000000001dce       0x2b ./system/src/newlib/_syscalls.o
 .debug_macro   0x0000000000001df9      0x118 ./system/src/newlib/_syscalls.o
 .debug_macro   0x0000000000001f11      0x13e ./system/src/newlib/_syscalls.o
 .debug_macro   0x000000000000204f       0x16 ./system/src/newlib/_syscalls.o
 .debug_macro   0x0000000000002065      0x144 ./system/src/newlib/assert.o
 .debug_macro   0x00000000000021a9       0x1c ./system/src/newlib/assert.o
 .debug_macro   0x00000000000021c5      0x14f ./system/src/diag/Trace.o
 .debug_macro   0x0000000000002314       0x16 ./system/src/diag/Trace.o
 .debug_macro   0x000000000000232a       0x97 ./system/src/diag/Trace.o
 .debug_macro   0x00000000000023c1       0xf6 ./system/src/diag/Trace.o
 .debug_macro   0x00000000000024b7       0x10 ./system/src/diag/Trace.o
 .debug_macro   0x00000000000024c7       0x16 ./system/src/diag/Trace.o
 .debug_macro   0x00000000000024dd      0x196 ./system/src/diag/Trace.o
 .debug_macro   0x0000000000002673       0x52 ./system/src/diag/Trace.o
 .debug_macro   0x00000000000026c5       0x16 ./system/src/diag/Trace.o
 .debug_macro   0x00000000000026db      0x246 ./system/src/diag/trace_impl.o
 .debug_macro   0x0000000000002921       0x10 ./system/src/diag/trace_impl.o
 .debug_macro   0x0000000000002931       0xc8 ./system/src/diag/trace_impl.o
 .debug_macro   0x00000000000029f9       0xbe ./system/src/diag/trace_impl.o
 .debug_macro   0x0000000000002ab7       0x22 ./system/src/diag/trace_impl.o
 .debug_macro   0x0000000000002ad9      0x15c ./system/src/cortexm/_initialize_hardware.o
 .debug_macro   0x0000000000002c35      0x281 ./system/src/cortexm/exception_handlers.o
 .debug_macro   0x0000000000002eb6       0x10 ./system/src/cortexm/exception_handlers.o
 .debug_macro   0x0000000000002ec6      0x15f ./system/src/cmsis/system_stm32f10x.o
 .debug_macro   0x0000000000003025       0x34 ./system/src/cmsis/vectors_stm32f10x.o
 .debug_macro   0x0000000000003059      0x16f ./src/Timer.o
 .debug_macro   0x00000000000031c8      0xa8b ./src/Timer.o
 .debug_macro   0x0000000000003c53       0x10 ./src/Timer.o
 .debug_macro   0x0000000000003c63      0x312 ./src/main.o
 .debug_macro   0x0000000000003f75       0x97 ./src/main.o
 .debug_macro   0x000000000000400c       0xfd ./src/main.o
 .debug_macro   0x0000000000004109       0x28 ./src/main.o
 .debug_macro   0x0000000000004131      0x1da ./src/main.o
 .debug_macro   0x000000000000430b       0x52 ./src/main.o
 .debug_macro   0x000000000000435d       0x52 ./src/main.o
 .debug_macro   0x00000000000043af       0x10 ./src/main.o
 .debug_macro   0x00000000000043bf       0x10 ./src/main.o
